<?xml version="1.0" encoding="utf-8"?>
<TestRun id="cad00f36-a1ec-4823-8286-cd7334f98c49" name="@host00 2023-01-07 14:17:32" xmlns="http://microsoft.com/schemas/VisualStudio/TeamTest/2010">
  <Times creation="2023-01-07T14:17:32.0658456+01:00" queuing="2023-01-07T14:17:32.0658456+01:00" start="2023-01-07T14:17:30.8020438+01:00" finish="2023-01-07T14:17:32.3295774+01:00" />
  <TestSettings name="default" id="07b38eb7-3072-44d5-a4a6-3c5d6087ff19">
    <Deployment runDeploymentRoot="_host00_2023-01-07_14_17_32" />
  </TestSettings>
  <Results>
    <UnitTestResult executionId="af29f851-ceef-4b72-a20c-1686a363592a" testId="f02c48a1-8909-30b9-77a1-da9dd9e2a9e1" testName="Engine.Drivers.Tests.Initialize.RabbitMqEmitterDriverTests.ShouldTPayloadHaveTopic" computerName="host00" duration="00:00:00.0004786" startTime="2023-01-07T14:17:32.0567625+01:00" endTime="2023-01-07T14:17:32.0567625+01:00" testType="13cdc9d9-ddb5-4fa4-a97d-d965ccfc6d4b" outcome="Passed" testListId="8c84fa94-04c1-424b-9868-57a2d4851a1d" relativeResultsDirectory="af29f851-ceef-4b72-a20c-1686a363592a" />
    <UnitTestResult executionId="70755911-4617-4c49-a3b8-d0888601f5fd" testId="2c261821-fd23-fe3f-12fd-3e0e1f4598ef" testName="Engine.Drivers.Tests.Initialize.RabbitMqListenerDriverTests.ShouldResolveMsg2Fact" computerName="host00" duration="00:00:00.0006721" startTime="2023-01-07T14:17:32.0559208+01:00" endTime="2023-01-07T14:17:32.0559208+01:00" testType="13cdc9d9-ddb5-4fa4-a97d-d965ccfc6d4b" outcome="Passed" testListId="8c84fa94-04c1-424b-9868-57a2d4851a1d" relativeResultsDirectory="70755911-4617-4c49-a3b8-d0888601f5fd" />
    <UnitTestResult executionId="eaa3aadc-ff70-47a6-a1a9-bc0ba0ad233a" testId="e6f79de9-91e6-1a1d-1de1-517fc99212ab" testName="Engine.Drivers.Tests.ChangeDetails.RabbitMqListenerDriverTests.ShouldResolveConnectionFactory" computerName="host00" duration="00:00:00.0010878" startTime="2023-01-07T14:17:32.0550010+01:00" endTime="2023-01-07T14:17:32.0550011+01:00" testType="13cdc9d9-ddb5-4fa4-a97d-d965ccfc6d4b" outcome="Passed" testListId="8c84fa94-04c1-424b-9868-57a2d4851a1d" relativeResultsDirectory="eaa3aadc-ff70-47a6-a1a9-bc0ba0ad233a" />
    <UnitTestResult executionId="c0b4995d-40f6-4164-b762-8b98d4dae862" testId="abc57354-7267-02e6-2b90-0a7253c0de83" testName="Engine.Drivers.Tests.RedisStoreRootDocDriverTests.ShouldResolveRedisDB" computerName="host00" duration="00:00:00.0043937" startTime="2023-01-07T14:17:32.2212834+01:00" endTime="2023-01-07T14:17:32.2212834+01:00" testType="13cdc9d9-ddb5-4fa4-a97d-d965ccfc6d4b" outcome="Passed" testListId="8c84fa94-04c1-424b-9868-57a2d4851a1d" relativeResultsDirectory="c0b4995d-40f6-4164-b762-8b98d4dae862" />
    <UnitTestResult executionId="139d3b12-e5af-4bb1-bac9-394b942a5d56" testId="94c4cccf-1e21-1d15-aaaa-6b4c33321305" testName="Engine.Drivers.Tests.ChangeDetails.RabbitMqEmitterDriverTests.ShouldResolveConnectionFactory" computerName="host00" duration="00:00:00.0004285" startTime="2023-01-07T14:17:32.0567167+01:00" endTime="2023-01-07T14:17:32.0567167+01:00" testType="13cdc9d9-ddb5-4fa4-a97d-d965ccfc6d4b" outcome="Passed" testListId="8c84fa94-04c1-424b-9868-57a2d4851a1d" relativeResultsDirectory="139d3b12-e5af-4bb1-bac9-394b942a5d56" />
    <UnitTestResult executionId="65db8b27-3c0a-461b-b7a8-211e4f097bd9" testId="ef678563-aeb1-cd13-9c02-94cfce0dff98" testName="Engine.Drivers.Tests.RedisStoreRootListDriverTests.ShouldResolveConnectionMultiplexer" computerName="host00" duration="00:00:00.0049475" startTime="2023-01-07T14:17:32.2435828+01:00" endTime="2023-01-07T14:17:32.2435829+01:00" testType="13cdc9d9-ddb5-4fa4-a97d-d965ccfc6d4b" outcome="Passed" testListId="8c84fa94-04c1-424b-9868-57a2d4851a1d" relativeResultsDirectory="65db8b27-3c0a-461b-b7a8-211e4f097bd9" />
    <UnitTestResult executionId="a61cea8b-2f5a-4546-8125-9a4786a4c263" testId="56427814-2e34-a329-ef97-c63710377819" testName="Engine.Drivers.Tests.RedisStoreRootDocDriverTests.ShouldResolveDocCtor" computerName="host00" duration="00:00:00.1230696" startTime="2023-01-07T14:17:32.1157689+01:00" endTime="2023-01-07T14:17:32.1157690+01:00" testType="13cdc9d9-ddb5-4fa4-a97d-d965ccfc6d4b" outcome="Passed" testListId="8c84fa94-04c1-424b-9868-57a2d4851a1d" relativeResultsDirectory="a61cea8b-2f5a-4546-8125-9a4786a4c263" />
    <UnitTestResult executionId="274430c7-032b-4947-8e70-2254150521b9" testId="24ac04b5-2d73-cbc0-56c4-fb4b36ef41e2" testName="Engine.Drivers.Tests.Stop.RabbitMqEmitterDriverTests.ShouldTPayloadHaveTopic" computerName="host00" duration="00:00:00.0004249" startTime="2023-01-07T14:17:32.0567429+01:00" endTime="2023-01-07T14:17:32.0567429+01:00" testType="13cdc9d9-ddb5-4fa4-a97d-d965ccfc6d4b" outcome="Passed" testListId="8c84fa94-04c1-424b-9868-57a2d4851a1d" relativeResultsDirectory="274430c7-032b-4947-8e70-2254150521b9" />
    <UnitTestResult executionId="68e43bb9-e5f4-42ad-8889-0f0c8cdd19b6" testId="399e0d10-0dec-722e-b750-9dce5cc6e694" testName="Engine.Drivers.Tests.ChangeDetails.RabbitMqListenerDriverTests.ShouldResolveListenerDriver" computerName="host00" duration="00:00:00.0006706" startTime="2023-01-07T14:17:32.0565798+01:00" endTime="2023-01-07T14:17:32.0565799+01:00" testType="13cdc9d9-ddb5-4fa4-a97d-d965ccfc6d4b" outcome="Passed" testListId="8c84fa94-04c1-424b-9868-57a2d4851a1d" relativeResultsDirectory="68e43bb9-e5f4-42ad-8889-0f0c8cdd19b6" />
    <UnitTestResult executionId="5f501399-64bf-4ece-a924-77493362b26b" testId="90e12934-e074-b101-a0cc-c907b7647d20" testName="Engine.Drivers.Tests.RedisStoreRootDocDriverTests.ShouldResolveConnectionMultiplexer" computerName="host00" duration="00:00:00.0090499" startTime="2023-01-07T14:17:32.1249208+01:00" endTime="2023-01-07T14:17:32.1249209+01:00" testType="13cdc9d9-ddb5-4fa4-a97d-d965ccfc6d4b" outcome="Passed" testListId="8c84fa94-04c1-424b-9868-57a2d4851a1d" relativeResultsDirectory="5f501399-64bf-4ece-a924-77493362b26b" />
    <UnitTestResult executionId="45b35b29-e7d5-4b1f-b7aa-5eafebaa3bf3" testId="fcb42bab-2aa1-c772-1a1e-2c057e519559" testName="Engine.Drivers.Tests.Stop.RabbitMqEmitterDriverTests.ShouldResolveEmitterDriver" computerName="host00" duration="00:00:00.0012204" startTime="2023-01-07T14:17:32.0566196+01:00" endTime="2023-01-07T14:17:32.0566196+01:00" testType="13cdc9d9-ddb5-4fa4-a97d-d965ccfc6d4b" outcome="Passed" testListId="8c84fa94-04c1-424b-9868-57a2d4851a1d" relativeResultsDirectory="45b35b29-e7d5-4b1f-b7aa-5eafebaa3bf3" />
    <UnitTestResult executionId="1f5dc245-04cf-4e7e-8866-1a3f2601d4ef" testId="5327558d-a6b1-099d-744e-3af04baae404" testName="Engine.Drivers.Tests.RedisStoreRootListDriverTests.ShouldResolveDocCtor" computerName="host00" duration="00:00:00.1230744" startTime="2023-01-07T14:17:32.1161472+01:00" endTime="2023-01-07T14:17:32.1161473+01:00" testType="13cdc9d9-ddb5-4fa4-a97d-d965ccfc6d4b" outcome="Passed" testListId="8c84fa94-04c1-424b-9868-57a2d4851a1d" relativeResultsDirectory="1f5dc245-04cf-4e7e-8866-1a3f2601d4ef" />
    <UnitTestResult executionId="2a7b56a3-952f-4bfb-851a-0fe1cbc6b829" testId="f3e53a34-6fe1-fbdc-f688-b8c4c11a6949" testName="Engine.Drivers.Tests.Initialize.RabbitMqListenerDriverTests.ShouldTPayloadHaveTopic" computerName="host00" duration="00:00:00.0009768" startTime="2023-01-07T14:17:32.0546013+01:00" endTime="2023-01-07T14:17:32.0546014+01:00" testType="13cdc9d9-ddb5-4fa4-a97d-d965ccfc6d4b" outcome="Passed" testListId="8c84fa94-04c1-424b-9868-57a2d4851a1d" relativeResultsDirectory="2a7b56a3-952f-4bfb-851a-0fe1cbc6b829" />
    <UnitTestResult executionId="3b96d502-2fa1-4783-88e7-da582c47cba5" testId="c283f827-f68f-80c2-a802-c5e01253d0c0" testName="Engine.Drivers.Tests.RedisStoreRootListDriverTests.ShouldResolveIDCtor" computerName="host00" duration="00:00:00.0071280" startTime="2023-01-07T14:17:32.2507651+01:00" endTime="2023-01-07T14:17:32.2507652+01:00" testType="13cdc9d9-ddb5-4fa4-a97d-d965ccfc6d4b" outcome="Passed" testListId="8c84fa94-04c1-424b-9868-57a2d4851a1d" relativeResultsDirectory="3b96d502-2fa1-4783-88e7-da582c47cba5" />
    <UnitTestResult executionId="6fc22804-25f5-4e81-b5d2-7da016b3a10a" testId="6762a14d-f3a9-ab99-cda4-f4f5cb9a8138" testName="Engine.Drivers.Tests.Initialize.RabbitMqEmitterDriverTests.ShouldResolveFact2Msg" computerName="host00" duration="00:00:00.0012910" startTime="2023-01-07T14:17:32.0558586+01:00" endTime="2023-01-07T14:17:32.0558586+01:00" testType="13cdc9d9-ddb5-4fa4-a97d-d965ccfc6d4b" outcome="Passed" testListId="8c84fa94-04c1-424b-9868-57a2d4851a1d" relativeResultsDirectory="6fc22804-25f5-4e81-b5d2-7da016b3a10a" />
    <UnitTestResult executionId="a436c5cb-172b-462e-b7e7-bbbf6128fae2" testId="810a1d23-40be-aa91-699a-f131e3051d94" testName="Engine.Drivers.Tests.Start.RabbitMqListenerDriverTests.ShouldResolveMsg2Fact" computerName="host00" duration="00:00:00.0434565" startTime="2023-01-07T14:17:32.0469138+01:00" endTime="2023-01-07T14:17:32.0469139+01:00" testType="13cdc9d9-ddb5-4fa4-a97d-d965ccfc6d4b" outcome="Passed" testListId="8c84fa94-04c1-424b-9868-57a2d4851a1d" relativeResultsDirectory="a436c5cb-172b-462e-b7e7-bbbf6128fae2" />
    <UnitTestResult executionId="6718bf2f-b1b6-4ceb-b11d-ae3b7dd0310e" testId="9decc29a-a08f-8cca-c315-905cbfabf1eb" testName="Engine.Drivers.Tests.Stop.RabbitMqEmitterDriverTests.ShouldResolveConnectionFactory" computerName="host00" duration="00:00:00.0438522" startTime="2023-01-07T14:17:32.0469509+01:00" endTime="2023-01-07T14:17:32.0469509+01:00" testType="13cdc9d9-ddb5-4fa4-a97d-d965ccfc6d4b" outcome="Passed" testListId="8c84fa94-04c1-424b-9868-57a2d4851a1d" relativeResultsDirectory="6718bf2f-b1b6-4ceb-b11d-ae3b7dd0310e" />
    <UnitTestResult executionId="e04a54ff-951b-4a95-b661-f25b48841e74" testId="bbddd97c-9994-af83-46a4-ff0a78eaa91d" testName="Engine.Drivers.Tests.ChangeDetails.RabbitMqListenerDriverTests.ShouldTPayloadHaveTopic" computerName="host00" duration="00:00:00.0434642" startTime="2023-01-07T14:17:32.0420393+01:00" endTime="2023-01-07T14:17:32.0420616+01:00" testType="13cdc9d9-ddb5-4fa4-a97d-d965ccfc6d4b" outcome="Passed" testListId="8c84fa94-04c1-424b-9868-57a2d4851a1d" relativeResultsDirectory="e04a54ff-951b-4a95-b661-f25b48841e74" />
    <UnitTestResult executionId="7b112037-1823-41e0-b58f-1b96cf7a1f8f" testId="e5462a7b-3595-0301-5cd8-dd9144c5585c" testName="Engine.Drivers.Tests.Start.RabbitMqListenerDriverTests.ShouldResolveListenerDriver" computerName="host00" duration="00:00:00.0006619" startTime="2023-01-07T14:17:32.0562576+01:00" endTime="2023-01-07T14:17:32.0562577+01:00" testType="13cdc9d9-ddb5-4fa4-a97d-d965ccfc6d4b" outcome="Passed" testListId="8c84fa94-04c1-424b-9868-57a2d4851a1d" relativeResultsDirectory="7b112037-1823-41e0-b58f-1b96cf7a1f8f" />
    <UnitTestResult executionId="c909aa7e-ff84-430e-935c-57b4368fd406" testId="9c838059-2095-4a05-3c2f-e3cd1208dba4" testName="Engine.Drivers.Tests.Start.RabbitMqEmitterDriverTests.ShouldTPayloadHaveTopic" computerName="host00" duration="00:00:00.0434535" startTime="2023-01-07T14:17:32.0469619+01:00" endTime="2023-01-07T14:17:32.0469619+01:00" testType="13cdc9d9-ddb5-4fa4-a97d-d965ccfc6d4b" outcome="Passed" testListId="8c84fa94-04c1-424b-9868-57a2d4851a1d" relativeResultsDirectory="c909aa7e-ff84-430e-935c-57b4368fd406" />
    <UnitTestResult executionId="22de1b88-ee8a-4f69-af31-d7863e58e729" testId="327b9895-fb91-419a-0a86-fd86a95208a9" testName="Engine.Drivers.Tests.Start.RabbitMqEmitterDriverTests.ShouldResolveFact2Msg" computerName="host00" duration="00:00:00.0007044" startTime="2023-01-07T14:17:32.0559499+01:00" endTime="2023-01-07T14:17:32.0559500+01:00" testType="13cdc9d9-ddb5-4fa4-a97d-d965ccfc6d4b" outcome="Passed" testListId="8c84fa94-04c1-424b-9868-57a2d4851a1d" relativeResultsDirectory="22de1b88-ee8a-4f69-af31-d7863e58e729" />
    <UnitTestResult executionId="1cf7773e-79a2-4ad5-aea2-6a943e524af1" testId="2943fc69-f726-f5e0-8e90-f756b15e2cd5" testName="Engine.Drivers.Tests.ChangeDetails.RabbitMqEmitterDriverTests.ShouldResolveFact2Msg" computerName="host00" duration="00:00:00.0006243" startTime="2023-01-07T14:17:32.0565484+01:00" endTime="2023-01-07T14:17:32.0565484+01:00" testType="13cdc9d9-ddb5-4fa4-a97d-d965ccfc6d4b" outcome="Passed" testListId="8c84fa94-04c1-424b-9868-57a2d4851a1d" relativeResultsDirectory="1cf7773e-79a2-4ad5-aea2-6a943e524af1" />
    <UnitTestResult executionId="5b77d8db-b179-4369-a4ec-876d047e62dc" testId="bef20279-a6e0-0e85-d896-f692dac8ea2f" testName="Engine.Drivers.Tests.RedisStoreRootDocDriverTests.ShouldSetDocToRedisStore" computerName="host00" duration="00:00:00.0061243" startTime="2023-01-07T14:17:32.2168305+01:00" endTime="2023-01-07T14:17:32.2168305+01:00" testType="13cdc9d9-ddb5-4fa4-a97d-d965ccfc6d4b" outcome="Passed" testListId="8c84fa94-04c1-424b-9868-57a2d4851a1d" relativeResultsDirectory="5b77d8db-b179-4369-a4ec-876d047e62dc" />
    <UnitTestResult executionId="020abd83-eb63-41f5-b17d-6ecc1e7528f0" testId="082d6243-48aa-f04d-bac2-fce1aac9f8e3" testName="Engine.Drivers.Tests.RedisStoreRootListDriverTests.ShouldResolveRedisStoreDriver" computerName="host00" duration="00:00:00.0051006" startTime="2023-01-07T14:17:32.2385889+01:00" endTime="2023-01-07T14:17:32.2385891+01:00" testType="13cdc9d9-ddb5-4fa4-a97d-d965ccfc6d4b" outcome="Passed" testListId="8c84fa94-04c1-424b-9868-57a2d4851a1d" relativeResultsDirectory="020abd83-eb63-41f5-b17d-6ecc1e7528f0" />
    <UnitTestResult executionId="df9e854a-2d54-43e0-be71-335cddccb6d2" testId="47bf20d4-6dcb-711b-291c-f2cde0182446" testName="Engine.Drivers.Tests.RedisStoreRootListDriverTests.ShouldGetDocFromRedisStore" computerName="host00" duration="00:00:00.0069091" startTime="2023-01-07T14:17:32.2230761+01:00" endTime="2023-01-07T14:17:32.2230761+01:00" testType="13cdc9d9-ddb5-4fa4-a97d-d965ccfc6d4b" outcome="Passed" testListId="8c84fa94-04c1-424b-9868-57a2d4851a1d" relativeResultsDirectory="df9e854a-2d54-43e0-be71-335cddccb6d2" />
    <UnitTestResult executionId="818b9964-10d3-45a0-9df9-104ecd8a2287" testId="cf274738-dc51-4555-aaae-d690dd9b9d08" testName="Engine.Drivers.Tests.Stop.RabbitMqListenerDriverTests.ShouldResolveListenerDriver" computerName="host00" duration="00:00:00.0007563" startTime="2023-01-07T14:17:32.0562936+01:00" endTime="2023-01-07T14:17:32.0562936+01:00" testType="13cdc9d9-ddb5-4fa4-a97d-d965ccfc6d4b" outcome="Passed" testListId="8c84fa94-04c1-424b-9868-57a2d4851a1d" relativeResultsDirectory="818b9964-10d3-45a0-9df9-104ecd8a2287" />
    <UnitTestResult executionId="ed754120-56fc-4bb3-be2e-078c9b8d22a2" testId="3f909a83-f9a5-772f-ef11-d00fea418fd2" testName="Engine.Drivers.Tests.Initialize.RabbitMqEmitterDriverTests.ShouldResolveEmitterDriver" computerName="host00" duration="00:00:00.0013046" startTime="2023-01-07T14:17:32.0566624+01:00" endTime="2023-01-07T14:17:32.0566625+01:00" testType="13cdc9d9-ddb5-4fa4-a97d-d965ccfc6d4b" outcome="Passed" testListId="8c84fa94-04c1-424b-9868-57a2d4851a1d" relativeResultsDirectory="ed754120-56fc-4bb3-be2e-078c9b8d22a2" />
    <UnitTestResult executionId="cf2ba76d-02dd-447d-b8d5-6d6786f10d5c" testId="674c2410-362f-4222-7654-97449c9cdb6e" testName="Engine.Drivers.Tests.Start.RabbitMqListenerDriverTests.ShouldResolveConnectionFactory" computerName="host00" duration="00:00:00.0010378" startTime="2023-01-07T14:17:32.0550149+01:00" endTime="2023-01-07T14:17:32.0550150+01:00" testType="13cdc9d9-ddb5-4fa4-a97d-d965ccfc6d4b" outcome="Passed" testListId="8c84fa94-04c1-424b-9868-57a2d4851a1d" relativeResultsDirectory="cf2ba76d-02dd-447d-b8d5-6d6786f10d5c" />
    <UnitTestResult executionId="bcf59377-46e1-4c19-b5a5-9b5736f2340b" testId="6abdbed5-ceb5-b4ec-c081-7a62746cde12" testName="Engine.Drivers.Tests.RedisStoreRootDocDriverTests.ShouldDeleteDocFromRedisStore" computerName="host00" duration="00:00:00.0063512" startTime="2023-01-07T14:17:32.2277160+01:00" endTime="2023-01-07T14:17:32.2277161+01:00" testType="13cdc9d9-ddb5-4fa4-a97d-d965ccfc6d4b" outcome="Passed" testListId="8c84fa94-04c1-424b-9868-57a2d4851a1d" relativeResultsDirectory="bcf59377-46e1-4c19-b5a5-9b5736f2340b" />
    <UnitTestResult executionId="f2ffbf82-070a-473d-bb04-d9100511aba1" testId="bc684fd4-53a3-7bb6-b809-b6a5d5f76d86" testName="Engine.Drivers.Tests.RedisStoreRootDocDriverTests.ShouldGetDocFromRedisStore" computerName="host00" duration="00:00:00.0124679" startTime="2023-01-07T14:17:32.2402692+01:00" endTime="2023-01-07T14:17:32.2402692+01:00" testType="13cdc9d9-ddb5-4fa4-a97d-d965ccfc6d4b" outcome="Passed" testListId="8c84fa94-04c1-424b-9868-57a2d4851a1d" relativeResultsDirectory="f2ffbf82-070a-473d-bb04-d9100511aba1" />
    <UnitTestResult executionId="856de66f-8c73-4cef-8c69-25ffaf587aa9" testId="2578cb16-f7ac-066b-8c12-3b4002145219" testName="Engine.Drivers.Tests.Start.RabbitMqEmitterDriverTests.ShouldResolveConnectionFactory" computerName="host00" duration="00:00:00.0009640" startTime="2023-01-07T14:17:32.0548979+01:00" endTime="2023-01-07T14:17:32.0548979+01:00" testType="13cdc9d9-ddb5-4fa4-a97d-d965ccfc6d4b" outcome="Passed" testListId="8c84fa94-04c1-424b-9868-57a2d4851a1d" relativeResultsDirectory="856de66f-8c73-4cef-8c69-25ffaf587aa9" />
    <UnitTestResult executionId="a5b5f7f9-dbfc-4fc5-a1cb-5cd146e75390" testId="d2e5b92b-3563-5b95-00ed-671dd621f964" testName="Engine.Drivers.Tests.ChangeDetails.RabbitMqEmitterDriverTests.ShouldTPayloadHaveTopic" computerName="host00" duration="00:00:00.0434602" startTime="2023-01-07T14:17:32.0468903+01:00" endTime="2023-01-07T14:17:32.0468904+01:00" testType="13cdc9d9-ddb5-4fa4-a97d-d965ccfc6d4b" outcome="Passed" testListId="8c84fa94-04c1-424b-9868-57a2d4851a1d" relativeResultsDirectory="a5b5f7f9-dbfc-4fc5-a1cb-5cd146e75390" />
    <UnitTestResult executionId="a64b0cdf-2fc2-41c7-b9fd-12a3f1fed6f8" testId="a26ba487-758b-0325-d679-04d8bb142404" testName="Engine.Drivers.Tests.RedisStoreRootListDriverTests.ShouldSetDocToRedisStore" computerName="host00" duration="00:00:00.0912270" startTime="2023-01-07T14:17:32.2094592+01:00" endTime="2023-01-07T14:17:32.2094593+01:00" testType="13cdc9d9-ddb5-4fa4-a97d-d965ccfc6d4b" outcome="Passed" testListId="8c84fa94-04c1-424b-9868-57a2d4851a1d" relativeResultsDirectory="a64b0cdf-2fc2-41c7-b9fd-12a3f1fed6f8" />
    <UnitTestResult executionId="cf3ff8a7-8fe2-4bc7-b889-97ca65b1b5f8" testId="7aff783f-b3c3-53f3-d128-091246206447" testName="Engine.Drivers.Tests.Stop.RabbitMqEmitterDriverTests.ShouldResolveFact2Msg" computerName="host00" duration="00:00:00.0013107" startTime="2023-01-07T14:17:32.0558768+01:00" endTime="2023-01-07T14:17:32.0558768+01:00" testType="13cdc9d9-ddb5-4fa4-a97d-d965ccfc6d4b" outcome="Passed" testListId="8c84fa94-04c1-424b-9868-57a2d4851a1d" relativeResultsDirectory="cf3ff8a7-8fe2-4bc7-b889-97ca65b1b5f8" />
    <UnitTestResult executionId="c33f33ad-4532-4fdd-be3e-7e09d7b91375" testId="c8aabc75-df6f-593f-2702-50857d9a97de" testName="Engine.Drivers.Tests.RedisStoreRootListDriverTests.ShouldDeleteDocFromRedisStore" computerName="host00" duration="00:00:00.0046513" startTime="2023-01-07T14:17:32.2277817+01:00" endTime="2023-01-07T14:17:32.2277817+01:00" testType="13cdc9d9-ddb5-4fa4-a97d-d965ccfc6d4b" outcome="Passed" testListId="8c84fa94-04c1-424b-9868-57a2d4851a1d" relativeResultsDirectory="c33f33ad-4532-4fdd-be3e-7e09d7b91375" />
    <UnitTestResult executionId="4dba5185-2ef1-4b1a-a1b0-67b5bc8c4e6f" testId="f7a05e42-a915-086e-4948-0ebdd04e8f74" testName="Engine.Drivers.Tests.ChangeDetails.RabbitMqListenerDriverTests.ShouldResolveMsg2Fact" computerName="host00" duration="00:00:00.0005997" startTime="2023-01-07T14:17:32.0562133+01:00" endTime="2023-01-07T14:17:32.0562133+01:00" testType="13cdc9d9-ddb5-4fa4-a97d-d965ccfc6d4b" outcome="Passed" testListId="8c84fa94-04c1-424b-9868-57a2d4851a1d" relativeResultsDirectory="4dba5185-2ef1-4b1a-a1b0-67b5bc8c4e6f" />
    <UnitTestResult executionId="8360cbd5-562b-4065-9379-d9295adac3ac" testId="c1784290-1a57-1907-8888-572ea5c6d561" testName="Engine.Drivers.Tests.Start.RabbitMqEmitterDriverTests.ShouldResolveEmitterDriver" computerName="host00" duration="00:00:00.0008646" startTime="2023-01-07T14:17:32.0566449+01:00" endTime="2023-01-07T14:17:32.0566449+01:00" testType="13cdc9d9-ddb5-4fa4-a97d-d965ccfc6d4b" outcome="Passed" testListId="8c84fa94-04c1-424b-9868-57a2d4851a1d" relativeResultsDirectory="8360cbd5-562b-4065-9379-d9295adac3ac" />
    <UnitTestResult executionId="b6d4c5b1-9242-4af7-bc24-47678d00ea0d" testId="fb1e8073-fc73-cbf7-b580-02c50a224dc7" testName="Engine.Drivers.Tests.ChangeDetails.RabbitMqEmitterDriverTests.ShouldResolveEmitterDriver" computerName="host00" duration="00:00:00.0016729" startTime="2023-01-07T14:17:32.0561720+01:00" endTime="2023-01-07T14:17:32.0561720+01:00" testType="13cdc9d9-ddb5-4fa4-a97d-d965ccfc6d4b" outcome="Passed" testListId="8c84fa94-04c1-424b-9868-57a2d4851a1d" relativeResultsDirectory="b6d4c5b1-9242-4af7-bc24-47678d00ea0d" />
    <UnitTestResult executionId="4ea16642-35ba-429e-9bf0-b6fdef8845e6" testId="25ae3d4c-dd8c-1fae-e561-da78a35aa534" testName="Engine.Drivers.Tests.Initialize.RabbitMqEmitterDriverTests.ShouldResolveConnectionFactory" computerName="host00" duration="00:00:00.0438013" startTime="2023-01-07T14:17:32.0469399+01:00" endTime="2023-01-07T14:17:32.0469399+01:00" testType="13cdc9d9-ddb5-4fa4-a97d-d965ccfc6d4b" outcome="Passed" testListId="8c84fa94-04c1-424b-9868-57a2d4851a1d" relativeResultsDirectory="4ea16642-35ba-429e-9bf0-b6fdef8845e6" />
    <UnitTestResult executionId="9ca8b1ff-1ee6-46b5-a2dc-02e452bdaf1b" testId="294b6d34-2b64-9a31-f8d4-e9521af733f8" testName="Engine.Drivers.Tests.RedisStoreRootDocDriverTests.ShouldResolveRedisStoreDriver" computerName="host00" duration="00:00:00.0053678" startTime="2023-01-07T14:17:32.2470480+01:00" endTime="2023-01-07T14:17:32.2470480+01:00" testType="13cdc9d9-ddb5-4fa4-a97d-d965ccfc6d4b" outcome="Passed" testListId="8c84fa94-04c1-424b-9868-57a2d4851a1d" relativeResultsDirectory="9ca8b1ff-1ee6-46b5-a2dc-02e452bdaf1b" />
    <UnitTestResult executionId="97ce3401-c33b-4515-90f8-acfd478822d7" testId="44fe6b45-4487-b24e-29cc-7d6c9682b9cb" testName="Engine.Drivers.Tests.RedisStoreRootListDriverTests.ShouldCheckIfDocExists" computerName="host00" duration="00:00:00.0055739" startTime="2023-01-07T14:17:32.2334300+01:00" endTime="2023-01-07T14:17:32.2334301+01:00" testType="13cdc9d9-ddb5-4fa4-a97d-d965ccfc6d4b" outcome="Passed" testListId="8c84fa94-04c1-424b-9868-57a2d4851a1d" relativeResultsDirectory="97ce3401-c33b-4515-90f8-acfd478822d7" />
    <UnitTestResult executionId="62fb3d43-102f-4229-b9cb-a56c99f66a6c" testId="b787acda-e732-84a4-e4a7-c7f0d66bcc2f" testName="Engine.Drivers.Tests.Start.RabbitMqListenerDriverTests.ShouldTPayloadHaveTopic" computerName="host00" duration="00:00:00.0004843" startTime="2023-01-07T14:17:32.0563322+01:00" endTime="2023-01-07T14:17:32.0563322+01:00" testType="13cdc9d9-ddb5-4fa4-a97d-d965ccfc6d4b" outcome="Passed" testListId="8c84fa94-04c1-424b-9868-57a2d4851a1d" relativeResultsDirectory="62fb3d43-102f-4229-b9cb-a56c99f66a6c" />
    <UnitTestResult executionId="87cf64cb-070a-4b49-a6e0-4b0a7d88a2cb" testId="ec6ab6e0-933e-c21a-20ab-faabfa24dd09" testName="Engine.Drivers.Tests.Stop.RabbitMqListenerDriverTests.ShouldTPayloadHaveTopic" computerName="host00" duration="00:00:00.0434826" startTime="2023-01-07T14:17:32.0469274+01:00" endTime="2023-01-07T14:17:32.0469275+01:00" testType="13cdc9d9-ddb5-4fa4-a97d-d965ccfc6d4b" outcome="Passed" testListId="8c84fa94-04c1-424b-9868-57a2d4851a1d" relativeResultsDirectory="87cf64cb-070a-4b49-a6e0-4b0a7d88a2cb" />
    <UnitTestResult executionId="ffb78e02-39c1-4fbd-8f7e-3da6355f2286" testId="bae23f47-3cdb-e4ea-588b-4db0d660c5bd" testName="Engine.Drivers.Tests.Initialize.RabbitMqListenerDriverTests.ShouldResolveListenerDriver" computerName="host00" duration="00:00:00.0442733" startTime="2023-01-07T14:17:32.0464727+01:00" endTime="2023-01-07T14:17:32.0464728+01:00" testType="13cdc9d9-ddb5-4fa4-a97d-d965ccfc6d4b" outcome="Passed" testListId="8c84fa94-04c1-424b-9868-57a2d4851a1d" relativeResultsDirectory="ffb78e02-39c1-4fbd-8f7e-3da6355f2286" />
    <UnitTestResult executionId="2383cc5f-8fea-4dc1-8476-24fe2a571a5d" testId="9a24acf0-ae34-0bca-b9da-1a0b72c86a1e" testName="Engine.Drivers.Tests.RedisStoreRootDocDriverTests.ShouldResolveIDCtor" computerName="host00" duration="00:00:00.0095933" startTime="2023-01-07T14:17:32.2553599+01:00" endTime="2023-01-07T14:17:32.2553602+01:00" testType="13cdc9d9-ddb5-4fa4-a97d-d965ccfc6d4b" outcome="Passed" testListId="8c84fa94-04c1-424b-9868-57a2d4851a1d" relativeResultsDirectory="2383cc5f-8fea-4dc1-8476-24fe2a571a5d" />
    <UnitTestResult executionId="ecafa49e-8f03-4c6e-ba9f-9ce4904b7abc" testId="7a06abcd-35f5-6171-bafc-bb16affdf265" testName="Engine.Drivers.Tests.RedisStoreRootDocDriverTests.ShouldCheckIfDocExists" computerName="host00" duration="00:00:00.0827301" startTime="2023-01-07T14:17:32.2094924+01:00" endTime="2023-01-07T14:17:32.2094924+01:00" testType="13cdc9d9-ddb5-4fa4-a97d-d965ccfc6d4b" outcome="Passed" testListId="8c84fa94-04c1-424b-9868-57a2d4851a1d" relativeResultsDirectory="ecafa49e-8f03-4c6e-ba9f-9ce4904b7abc" />
    <UnitTestResult executionId="7496d65c-f005-4f6a-85f2-7f5e8cd46e0d" testId="be665a2a-76f2-ebe7-2233-a08481610164" testName="Engine.Drivers.Tests.Stop.RabbitMqListenerDriverTests.ShouldResolveMsg2Fact" computerName="host00" duration="00:00:00.0005440" startTime="2023-01-07T14:17:32.0566019+01:00" endTime="2023-01-07T14:17:32.0566019+01:00" testType="13cdc9d9-ddb5-4fa4-a97d-d965ccfc6d4b" outcome="Passed" testListId="8c84fa94-04c1-424b-9868-57a2d4851a1d" relativeResultsDirectory="7496d65c-f005-4f6a-85f2-7f5e8cd46e0d" />
    <UnitTestResult executionId="db3dc176-39d2-4b13-8eef-174f361797cc" testId="5c202f76-2e90-fac8-8c0d-9c5be0d03962" testName="Engine.Drivers.Tests.Initialize.RabbitMqListenerDriverTests.ShouldResolveConnectionFactory" computerName="host00" duration="00:00:00.0006680" startTime="2023-01-07T14:17:32.0563517+01:00" endTime="2023-01-07T14:17:32.0563517+01:00" testType="13cdc9d9-ddb5-4fa4-a97d-d965ccfc6d4b" outcome="Passed" testListId="8c84fa94-04c1-424b-9868-57a2d4851a1d" relativeResultsDirectory="db3dc176-39d2-4b13-8eef-174f361797cc" />
    <UnitTestResult executionId="5a44f6a8-53fd-4cbf-8104-03c06f42cb85" testId="ad9d7d6c-6274-1ae8-1898-953b7d6aedfb" testName="Engine.Drivers.Tests.RedisStoreRootListDriverTests.ShouldResolveRedisDB" computerName="host00" duration="00:00:00.0054108" startTime="2023-01-07T14:17:32.2160988+01:00" endTime="2023-01-07T14:17:32.2160990+01:00" testType="13cdc9d9-ddb5-4fa4-a97d-d965ccfc6d4b" outcome="Passed" testListId="8c84fa94-04c1-424b-9868-57a2d4851a1d" relativeResultsDirectory="5a44f6a8-53fd-4cbf-8104-03c06f42cb85" />
    <UnitTestResult executionId="078f5158-750d-49a9-8c09-19852f0185d7" testId="5a4b325a-60d9-1afa-c092-ca6ca41cf4ac" testName="Engine.Drivers.Tests.Stop.RabbitMqListenerDriverTests.ShouldResolveConnectionFactory" computerName="host00" duration="00:00:00.0011784" startTime="2023-01-07T14:17:32.0558122+01:00" endTime="2023-01-07T14:17:32.0558122+01:00" testType="13cdc9d9-ddb5-4fa4-a97d-d965ccfc6d4b" outcome="Passed" testListId="8c84fa94-04c1-424b-9868-57a2d4851a1d" relativeResultsDirectory="078f5158-750d-49a9-8c09-19852f0185d7" />
  </Results>
  <TestDefinitions>
    <UnitTest name="Engine.Drivers.Tests.Stop.RabbitMqEmitterDriverTests.ShouldResolveEmitterDriver" storage="/home/rl/work/github.com/discomco/dot-cart/examples/car/engine.drivers.tests/bin/debug/net7.0/engine.drivers.tests.dll" id="fcb42bab-2aa1-c772-1a1e-2c057e519559">
      <Execution id="45b35b29-e7d5-4b1f-b7aa-5eafebaa3bf3" />
      <TestMethod codeBase="/home/rl/work/github.com/discomco/dot-cart/examples/car/Engine.Drivers.Tests/bin/Debug/net7.0/Engine.Drivers.Tests.dll" adapterTypeName="executor://xunit/VsTestRunner2/netcoreapp" className="Engine.Drivers.Tests.Stop.RabbitMqEmitterDriverTests" name="ShouldResolveEmitterDriver" />
    </UnitTest>
    <UnitTest name="Engine.Drivers.Tests.RedisStoreRootListDriverTests.ShouldSetDocToRedisStore" storage="/home/rl/work/github.com/discomco/dot-cart/examples/car/engine.drivers.tests/bin/debug/net7.0/engine.drivers.tests.dll" id="a26ba487-758b-0325-d679-04d8bb142404">
      <Execution id="a64b0cdf-2fc2-41c7-b9fd-12a3f1fed6f8" />
      <TestMethod codeBase="/home/rl/work/github.com/discomco/dot-cart/examples/car/Engine.Drivers.Tests/bin/Debug/net7.0/Engine.Drivers.Tests.dll" adapterTypeName="executor://xunit/VsTestRunner2/netcoreapp" className="Engine.Drivers.Tests.RedisStoreRootListDriverTests" name="ShouldSetDocToRedisStore" />
    </UnitTest>
    <UnitTest name="Engine.Drivers.Tests.RedisStoreRootListDriverTests.ShouldResolveDocCtor" storage="/home/rl/work/github.com/discomco/dot-cart/examples/car/engine.drivers.tests/bin/debug/net7.0/engine.drivers.tests.dll" id="5327558d-a6b1-099d-744e-3af04baae404">
      <Execution id="1f5dc245-04cf-4e7e-8866-1a3f2601d4ef" />
      <TestMethod codeBase="/home/rl/work/github.com/discomco/dot-cart/examples/car/Engine.Drivers.Tests/bin/Debug/net7.0/Engine.Drivers.Tests.dll" adapterTypeName="executor://xunit/VsTestRunner2/netcoreapp" className="Engine.Drivers.Tests.RedisStoreRootListDriverTests" name="ShouldResolveDocCtor" />
    </UnitTest>
    <UnitTest name="Engine.Drivers.Tests.RedisStoreRootDocDriverTests.ShouldResolveConnectionMultiplexer" storage="/home/rl/work/github.com/discomco/dot-cart/examples/car/engine.drivers.tests/bin/debug/net7.0/engine.drivers.tests.dll" id="90e12934-e074-b101-a0cc-c907b7647d20">
      <Execution id="5f501399-64bf-4ece-a924-77493362b26b" />
      <TestMethod codeBase="/home/rl/work/github.com/discomco/dot-cart/examples/car/Engine.Drivers.Tests/bin/Debug/net7.0/Engine.Drivers.Tests.dll" adapterTypeName="executor://xunit/VsTestRunner2/netcoreapp" className="Engine.Drivers.Tests.RedisStoreRootDocDriverTests" name="ShouldResolveConnectionMultiplexer" />
    </UnitTest>
    <UnitTest name="Engine.Drivers.Tests.RedisStoreRootListDriverTests.ShouldResolveIDCtor" storage="/home/rl/work/github.com/discomco/dot-cart/examples/car/engine.drivers.tests/bin/debug/net7.0/engine.drivers.tests.dll" id="c283f827-f68f-80c2-a802-c5e01253d0c0">
      <Execution id="3b96d502-2fa1-4783-88e7-da582c47cba5" />
      <TestMethod codeBase="/home/rl/work/github.com/discomco/dot-cart/examples/car/Engine.Drivers.Tests/bin/Debug/net7.0/Engine.Drivers.Tests.dll" adapterTypeName="executor://xunit/VsTestRunner2/netcoreapp" className="Engine.Drivers.Tests.RedisStoreRootListDriverTests" name="ShouldResolveIDCtor" />
    </UnitTest>
    <UnitTest name="Engine.Drivers.Tests.ChangeDetails.RabbitMqListenerDriverTests.ShouldTPayloadHaveTopic" storage="/home/rl/work/github.com/discomco/dot-cart/examples/car/engine.drivers.tests/bin/debug/net7.0/engine.drivers.tests.dll" id="bbddd97c-9994-af83-46a4-ff0a78eaa91d">
      <Execution id="e04a54ff-951b-4a95-b661-f25b48841e74" />
      <TestMethod codeBase="/home/rl/work/github.com/discomco/dot-cart/examples/car/Engine.Drivers.Tests/bin/Debug/net7.0/Engine.Drivers.Tests.dll" adapterTypeName="executor://xunit/VsTestRunner2/netcoreapp" className="Engine.Drivers.Tests.ChangeDetails.RabbitMqListenerDriverTests" name="ShouldTPayloadHaveTopic" />
    </UnitTest>
    <UnitTest name="Engine.Drivers.Tests.RedisStoreRootDocDriverTests.ShouldGetDocFromRedisStore" storage="/home/rl/work/github.com/discomco/dot-cart/examples/car/engine.drivers.tests/bin/debug/net7.0/engine.drivers.tests.dll" id="bc684fd4-53a3-7bb6-b809-b6a5d5f76d86">
      <Execution id="f2ffbf82-070a-473d-bb04-d9100511aba1" />
      <TestMethod codeBase="/home/rl/work/github.com/discomco/dot-cart/examples/car/Engine.Drivers.Tests/bin/Debug/net7.0/Engine.Drivers.Tests.dll" adapterTypeName="executor://xunit/VsTestRunner2/netcoreapp" className="Engine.Drivers.Tests.RedisStoreRootDocDriverTests" name="ShouldGetDocFromRedisStore" />
    </UnitTest>
    <UnitTest name="Engine.Drivers.Tests.Start.RabbitMqEmitterDriverTests.ShouldResolveConnectionFactory" storage="/home/rl/work/github.com/discomco/dot-cart/examples/car/engine.drivers.tests/bin/debug/net7.0/engine.drivers.tests.dll" id="2578cb16-f7ac-066b-8c12-3b4002145219">
      <Execution id="856de66f-8c73-4cef-8c69-25ffaf587aa9" />
      <TestMethod codeBase="/home/rl/work/github.com/discomco/dot-cart/examples/car/Engine.Drivers.Tests/bin/Debug/net7.0/Engine.Drivers.Tests.dll" adapterTypeName="executor://xunit/VsTestRunner2/netcoreapp" className="Engine.Drivers.Tests.Start.RabbitMqEmitterDriverTests" name="ShouldResolveConnectionFactory" />
    </UnitTest>
    <UnitTest name="Engine.Drivers.Tests.RedisStoreRootDocDriverTests.ShouldResolveIDCtor" storage="/home/rl/work/github.com/discomco/dot-cart/examples/car/engine.drivers.tests/bin/debug/net7.0/engine.drivers.tests.dll" id="9a24acf0-ae34-0bca-b9da-1a0b72c86a1e">
      <Execution id="2383cc5f-8fea-4dc1-8476-24fe2a571a5d" />
      <TestMethod codeBase="/home/rl/work/github.com/discomco/dot-cart/examples/car/Engine.Drivers.Tests/bin/Debug/net7.0/Engine.Drivers.Tests.dll" adapterTypeName="executor://xunit/VsTestRunner2/netcoreapp" className="Engine.Drivers.Tests.RedisStoreRootDocDriverTests" name="ShouldResolveIDCtor" />
    </UnitTest>
    <UnitTest name="Engine.Drivers.Tests.RedisStoreRootListDriverTests.ShouldDeleteDocFromRedisStore" storage="/home/rl/work/github.com/discomco/dot-cart/examples/car/engine.drivers.tests/bin/debug/net7.0/engine.drivers.tests.dll" id="c8aabc75-df6f-593f-2702-50857d9a97de">
      <Execution id="c33f33ad-4532-4fdd-be3e-7e09d7b91375" />
      <TestMethod codeBase="/home/rl/work/github.com/discomco/dot-cart/examples/car/Engine.Drivers.Tests/bin/Debug/net7.0/Engine.Drivers.Tests.dll" adapterTypeName="executor://xunit/VsTestRunner2/netcoreapp" className="Engine.Drivers.Tests.RedisStoreRootListDriverTests" name="ShouldDeleteDocFromRedisStore" />
    </UnitTest>
    <UnitTest name="Engine.Drivers.Tests.RedisStoreRootDocDriverTests.ShouldResolveRedisDB" storage="/home/rl/work/github.com/discomco/dot-cart/examples/car/engine.drivers.tests/bin/debug/net7.0/engine.drivers.tests.dll" id="abc57354-7267-02e6-2b90-0a7253c0de83">
      <Execution id="c0b4995d-40f6-4164-b762-8b98d4dae862" />
      <TestMethod codeBase="/home/rl/work/github.com/discomco/dot-cart/examples/car/Engine.Drivers.Tests/bin/Debug/net7.0/Engine.Drivers.Tests.dll" adapterTypeName="executor://xunit/VsTestRunner2/netcoreapp" className="Engine.Drivers.Tests.RedisStoreRootDocDriverTests" name="ShouldResolveRedisDB" />
    </UnitTest>
    <UnitTest name="Engine.Drivers.Tests.Initialize.RabbitMqEmitterDriverTests.ShouldResolveFact2Msg" storage="/home/rl/work/github.com/discomco/dot-cart/examples/car/engine.drivers.tests/bin/debug/net7.0/engine.drivers.tests.dll" id="6762a14d-f3a9-ab99-cda4-f4f5cb9a8138">
      <Execution id="6fc22804-25f5-4e81-b5d2-7da016b3a10a" />
      <TestMethod codeBase="/home/rl/work/github.com/discomco/dot-cart/examples/car/Engine.Drivers.Tests/bin/Debug/net7.0/Engine.Drivers.Tests.dll" adapterTypeName="executor://xunit/VsTestRunner2/netcoreapp" className="Engine.Drivers.Tests.Initialize.RabbitMqEmitterDriverTests" name="ShouldResolveFact2Msg" />
    </UnitTest>
    <UnitTest name="Engine.Drivers.Tests.RedisStoreRootListDriverTests.ShouldResolveRedisStoreDriver" storage="/home/rl/work/github.com/discomco/dot-cart/examples/car/engine.drivers.tests/bin/debug/net7.0/engine.drivers.tests.dll" id="082d6243-48aa-f04d-bac2-fce1aac9f8e3">
      <Execution id="020abd83-eb63-41f5-b17d-6ecc1e7528f0" />
      <TestMethod codeBase="/home/rl/work/github.com/discomco/dot-cart/examples/car/Engine.Drivers.Tests/bin/Debug/net7.0/Engine.Drivers.Tests.dll" adapterTypeName="executor://xunit/VsTestRunner2/netcoreapp" className="Engine.Drivers.Tests.RedisStoreRootListDriverTests" name="ShouldResolveRedisStoreDriver" />
    </UnitTest>
    <UnitTest name="Engine.Drivers.Tests.Initialize.RabbitMqListenerDriverTests.ShouldResolveListenerDriver" storage="/home/rl/work/github.com/discomco/dot-cart/examples/car/engine.drivers.tests/bin/debug/net7.0/engine.drivers.tests.dll" id="bae23f47-3cdb-e4ea-588b-4db0d660c5bd">
      <Execution id="ffb78e02-39c1-4fbd-8f7e-3da6355f2286" />
      <TestMethod codeBase="/home/rl/work/github.com/discomco/dot-cart/examples/car/Engine.Drivers.Tests/bin/Debug/net7.0/Engine.Drivers.Tests.dll" adapterTypeName="executor://xunit/VsTestRunner2/netcoreapp" className="Engine.Drivers.Tests.Initialize.RabbitMqListenerDriverTests" name="ShouldResolveListenerDriver" />
    </UnitTest>
    <UnitTest name="Engine.Drivers.Tests.Stop.RabbitMqEmitterDriverTests.ShouldResolveFact2Msg" storage="/home/rl/work/github.com/discomco/dot-cart/examples/car/engine.drivers.tests/bin/debug/net7.0/engine.drivers.tests.dll" id="7aff783f-b3c3-53f3-d128-091246206447">
      <Execution id="cf3ff8a7-8fe2-4bc7-b889-97ca65b1b5f8" />
      <TestMethod codeBase="/home/rl/work/github.com/discomco/dot-cart/examples/car/Engine.Drivers.Tests/bin/Debug/net7.0/Engine.Drivers.Tests.dll" adapterTypeName="executor://xunit/VsTestRunner2/netcoreapp" className="Engine.Drivers.Tests.Stop.RabbitMqEmitterDriverTests" name="ShouldResolveFact2Msg" />
    </UnitTest>
    <UnitTest name="Engine.Drivers.Tests.Start.RabbitMqListenerDriverTests.ShouldResolveMsg2Fact" storage="/home/rl/work/github.com/discomco/dot-cart/examples/car/engine.drivers.tests/bin/debug/net7.0/engine.drivers.tests.dll" id="810a1d23-40be-aa91-699a-f131e3051d94">
      <Execution id="a436c5cb-172b-462e-b7e7-bbbf6128fae2" />
      <TestMethod codeBase="/home/rl/work/github.com/discomco/dot-cart/examples/car/Engine.Drivers.Tests/bin/Debug/net7.0/Engine.Drivers.Tests.dll" adapterTypeName="executor://xunit/VsTestRunner2/netcoreapp" className="Engine.Drivers.Tests.Start.RabbitMqListenerDriverTests" name="ShouldResolveMsg2Fact" />
    </UnitTest>
    <UnitTest name="Engine.Drivers.Tests.RedisStoreRootDocDriverTests.ShouldSetDocToRedisStore" storage="/home/rl/work/github.com/discomco/dot-cart/examples/car/engine.drivers.tests/bin/debug/net7.0/engine.drivers.tests.dll" id="bef20279-a6e0-0e85-d896-f692dac8ea2f">
      <Execution id="5b77d8db-b179-4369-a4ec-876d047e62dc" />
      <TestMethod codeBase="/home/rl/work/github.com/discomco/dot-cart/examples/car/Engine.Drivers.Tests/bin/Debug/net7.0/Engine.Drivers.Tests.dll" adapterTypeName="executor://xunit/VsTestRunner2/netcoreapp" className="Engine.Drivers.Tests.RedisStoreRootDocDriverTests" name="ShouldSetDocToRedisStore" />
    </UnitTest>
    <UnitTest name="Engine.Drivers.Tests.Start.RabbitMqEmitterDriverTests.ShouldTPayloadHaveTopic" storage="/home/rl/work/github.com/discomco/dot-cart/examples/car/engine.drivers.tests/bin/debug/net7.0/engine.drivers.tests.dll" id="9c838059-2095-4a05-3c2f-e3cd1208dba4">
      <Execution id="c909aa7e-ff84-430e-935c-57b4368fd406" />
      <TestMethod codeBase="/home/rl/work/github.com/discomco/dot-cart/examples/car/Engine.Drivers.Tests/bin/Debug/net7.0/Engine.Drivers.Tests.dll" adapterTypeName="executor://xunit/VsTestRunner2/netcoreapp" className="Engine.Drivers.Tests.Start.RabbitMqEmitterDriverTests" name="ShouldTPayloadHaveTopic" />
    </UnitTest>
    <UnitTest name="Engine.Drivers.Tests.Initialize.RabbitMqEmitterDriverTests.ShouldResolveEmitterDriver" storage="/home/rl/work/github.com/discomco/dot-cart/examples/car/engine.drivers.tests/bin/debug/net7.0/engine.drivers.tests.dll" id="3f909a83-f9a5-772f-ef11-d00fea418fd2">
      <Execution id="ed754120-56fc-4bb3-be2e-078c9b8d22a2" />
      <TestMethod codeBase="/home/rl/work/github.com/discomco/dot-cart/examples/car/Engine.Drivers.Tests/bin/Debug/net7.0/Engine.Drivers.Tests.dll" adapterTypeName="executor://xunit/VsTestRunner2/netcoreapp" className="Engine.Drivers.Tests.Initialize.RabbitMqEmitterDriverTests" name="ShouldResolveEmitterDriver" />
    </UnitTest>
    <UnitTest name="Engine.Drivers.Tests.ChangeDetails.RabbitMqEmitterDriverTests.ShouldResolveFact2Msg" storage="/home/rl/work/github.com/discomco/dot-cart/examples/car/engine.drivers.tests/bin/debug/net7.0/engine.drivers.tests.dll" id="2943fc69-f726-f5e0-8e90-f756b15e2cd5">
      <Execution id="1cf7773e-79a2-4ad5-aea2-6a943e524af1" />
      <TestMethod codeBase="/home/rl/work/github.com/discomco/dot-cart/examples/car/Engine.Drivers.Tests/bin/Debug/net7.0/Engine.Drivers.Tests.dll" adapterTypeName="executor://xunit/VsTestRunner2/netcoreapp" className="Engine.Drivers.Tests.ChangeDetails.RabbitMqEmitterDriverTests" name="ShouldResolveFact2Msg" />
    </UnitTest>
    <UnitTest name="Engine.Drivers.Tests.Stop.RabbitMqListenerDriverTests.ShouldResolveConnectionFactory" storage="/home/rl/work/github.com/discomco/dot-cart/examples/car/engine.drivers.tests/bin/debug/net7.0/engine.drivers.tests.dll" id="5a4b325a-60d9-1afa-c092-ca6ca41cf4ac">
      <Execution id="078f5158-750d-49a9-8c09-19852f0185d7" />
      <TestMethod codeBase="/home/rl/work/github.com/discomco/dot-cart/examples/car/Engine.Drivers.Tests/bin/Debug/net7.0/Engine.Drivers.Tests.dll" adapterTypeName="executor://xunit/VsTestRunner2/netcoreapp" className="Engine.Drivers.Tests.Stop.RabbitMqListenerDriverTests" name="ShouldResolveConnectionFactory" />
    </UnitTest>
    <UnitTest name="Engine.Drivers.Tests.RedisStoreRootDocDriverTests.ShouldResolveDocCtor" storage="/home/rl/work/github.com/discomco/dot-cart/examples/car/engine.drivers.tests/bin/debug/net7.0/engine.drivers.tests.dll" id="56427814-2e34-a329-ef97-c63710377819">
      <Execution id="a61cea8b-2f5a-4546-8125-9a4786a4c263" />
      <TestMethod codeBase="/home/rl/work/github.com/discomco/dot-cart/examples/car/Engine.Drivers.Tests/bin/Debug/net7.0/Engine.Drivers.Tests.dll" adapterTypeName="executor://xunit/VsTestRunner2/netcoreapp" className="Engine.Drivers.Tests.RedisStoreRootDocDriverTests" name="ShouldResolveDocCtor" />
    </UnitTest>
    <UnitTest name="Engine.Drivers.Tests.RedisStoreRootListDriverTests.ShouldResolveConnectionMultiplexer" storage="/home/rl/work/github.com/discomco/dot-cart/examples/car/engine.drivers.tests/bin/debug/net7.0/engine.drivers.tests.dll" id="ef678563-aeb1-cd13-9c02-94cfce0dff98">
      <Execution id="65db8b27-3c0a-461b-b7a8-211e4f097bd9" />
      <TestMethod codeBase="/home/rl/work/github.com/discomco/dot-cart/examples/car/Engine.Drivers.Tests/bin/Debug/net7.0/Engine.Drivers.Tests.dll" adapterTypeName="executor://xunit/VsTestRunner2/netcoreapp" className="Engine.Drivers.Tests.RedisStoreRootListDriverTests" name="ShouldResolveConnectionMultiplexer" />
    </UnitTest>
    <UnitTest name="Engine.Drivers.Tests.Stop.RabbitMqListenerDriverTests.ShouldResolveMsg2Fact" storage="/home/rl/work/github.com/discomco/dot-cart/examples/car/engine.drivers.tests/bin/debug/net7.0/engine.drivers.tests.dll" id="be665a2a-76f2-ebe7-2233-a08481610164">
      <Execution id="7496d65c-f005-4f6a-85f2-7f5e8cd46e0d" />
      <TestMethod codeBase="/home/rl/work/github.com/discomco/dot-cart/examples/car/Engine.Drivers.Tests/bin/Debug/net7.0/Engine.Drivers.Tests.dll" adapterTypeName="executor://xunit/VsTestRunner2/netcoreapp" className="Engine.Drivers.Tests.Stop.RabbitMqListenerDriverTests" name="ShouldResolveMsg2Fact" />
    </UnitTest>
    <UnitTest name="Engine.Drivers.Tests.Initialize.RabbitMqListenerDriverTests.ShouldTPayloadHaveTopic" storage="/home/rl/work/github.com/discomco/dot-cart/examples/car/engine.drivers.tests/bin/debug/net7.0/engine.drivers.tests.dll" id="f3e53a34-6fe1-fbdc-f688-b8c4c11a6949">
      <Execution id="2a7b56a3-952f-4bfb-851a-0fe1cbc6b829" />
      <TestMethod codeBase="/home/rl/work/github.com/discomco/dot-cart/examples/car/Engine.Drivers.Tests/bin/Debug/net7.0/Engine.Drivers.Tests.dll" adapterTypeName="executor://xunit/VsTestRunner2/netcoreapp" className="Engine.Drivers.Tests.Initialize.RabbitMqListenerDriverTests" name="ShouldTPayloadHaveTopic" />
    </UnitTest>
    <UnitTest name="Engine.Drivers.Tests.ChangeDetails.RabbitMqEmitterDriverTests.ShouldResolveEmitterDriver" storage="/home/rl/work/github.com/discomco/dot-cart/examples/car/engine.drivers.tests/bin/debug/net7.0/engine.drivers.tests.dll" id="fb1e8073-fc73-cbf7-b580-02c50a224dc7">
      <Execution id="b6d4c5b1-9242-4af7-bc24-47678d00ea0d" />
      <TestMethod codeBase="/home/rl/work/github.com/discomco/dot-cart/examples/car/Engine.Drivers.Tests/bin/Debug/net7.0/Engine.Drivers.Tests.dll" adapterTypeName="executor://xunit/VsTestRunner2/netcoreapp" className="Engine.Drivers.Tests.ChangeDetails.RabbitMqEmitterDriverTests" name="ShouldResolveEmitterDriver" />
    </UnitTest>
    <UnitTest name="Engine.Drivers.Tests.Initialize.RabbitMqListenerDriverTests.ShouldResolveConnectionFactory" storage="/home/rl/work/github.com/discomco/dot-cart/examples/car/engine.drivers.tests/bin/debug/net7.0/engine.drivers.tests.dll" id="5c202f76-2e90-fac8-8c0d-9c5be0d03962">
      <Execution id="db3dc176-39d2-4b13-8eef-174f361797cc" />
      <TestMethod codeBase="/home/rl/work/github.com/discomco/dot-cart/examples/car/Engine.Drivers.Tests/bin/Debug/net7.0/Engine.Drivers.Tests.dll" adapterTypeName="executor://xunit/VsTestRunner2/netcoreapp" className="Engine.Drivers.Tests.Initialize.RabbitMqListenerDriverTests" name="ShouldResolveConnectionFactory" />
    </UnitTest>
    <UnitTest name="Engine.Drivers.Tests.ChangeDetails.RabbitMqListenerDriverTests.ShouldResolveListenerDriver" storage="/home/rl/work/github.com/discomco/dot-cart/examples/car/engine.drivers.tests/bin/debug/net7.0/engine.drivers.tests.dll" id="399e0d10-0dec-722e-b750-9dce5cc6e694">
      <Execution id="68e43bb9-e5f4-42ad-8889-0f0c8cdd19b6" />
      <TestMethod codeBase="/home/rl/work/github.com/discomco/dot-cart/examples/car/Engine.Drivers.Tests/bin/Debug/net7.0/Engine.Drivers.Tests.dll" adapterTypeName="executor://xunit/VsTestRunner2/netcoreapp" className="Engine.Drivers.Tests.ChangeDetails.RabbitMqListenerDriverTests" name="ShouldResolveListenerDriver" />
    </UnitTest>
    <UnitTest name="Engine.Drivers.Tests.RedisStoreRootDocDriverTests.ShouldDeleteDocFromRedisStore" storage="/home/rl/work/github.com/discomco/dot-cart/examples/car/engine.drivers.tests/bin/debug/net7.0/engine.drivers.tests.dll" id="6abdbed5-ceb5-b4ec-c081-7a62746cde12">
      <Execution id="bcf59377-46e1-4c19-b5a5-9b5736f2340b" />
      <TestMethod codeBase="/home/rl/work/github.com/discomco/dot-cart/examples/car/Engine.Drivers.Tests/bin/Debug/net7.0/Engine.Drivers.Tests.dll" adapterTypeName="executor://xunit/VsTestRunner2/netcoreapp" className="Engine.Drivers.Tests.RedisStoreRootDocDriverTests" name="ShouldDeleteDocFromRedisStore" />
    </UnitTest>
    <UnitTest name="Engine.Drivers.Tests.Start.RabbitMqEmitterDriverTests.ShouldResolveEmitterDriver" storage="/home/rl/work/github.com/discomco/dot-cart/examples/car/engine.drivers.tests/bin/debug/net7.0/engine.drivers.tests.dll" id="c1784290-1a57-1907-8888-572ea5c6d561">
      <Execution id="8360cbd5-562b-4065-9379-d9295adac3ac" />
      <TestMethod codeBase="/home/rl/work/github.com/discomco/dot-cart/examples/car/Engine.Drivers.Tests/bin/Debug/net7.0/Engine.Drivers.Tests.dll" adapterTypeName="executor://xunit/VsTestRunner2/netcoreapp" className="Engine.Drivers.Tests.Start.RabbitMqEmitterDriverTests" name="ShouldResolveEmitterDriver" />
    </UnitTest>
    <UnitTest name="Engine.Drivers.Tests.RedisStoreRootListDriverTests.ShouldResolveRedisDB" storage="/home/rl/work/github.com/discomco/dot-cart/examples/car/engine.drivers.tests/bin/debug/net7.0/engine.drivers.tests.dll" id="ad9d7d6c-6274-1ae8-1898-953b7d6aedfb">
      <Execution id="5a44f6a8-53fd-4cbf-8104-03c06f42cb85" />
      <TestMethod codeBase="/home/rl/work/github.com/discomco/dot-cart/examples/car/Engine.Drivers.Tests/bin/Debug/net7.0/Engine.Drivers.Tests.dll" adapterTypeName="executor://xunit/VsTestRunner2/netcoreapp" className="Engine.Drivers.Tests.RedisStoreRootListDriverTests" name="ShouldResolveRedisDB" />
    </UnitTest>
    <UnitTest name="Engine.Drivers.Tests.ChangeDetails.RabbitMqEmitterDriverTests.ShouldTPayloadHaveTopic" storage="/home/rl/work/github.com/discomco/dot-cart/examples/car/engine.drivers.tests/bin/debug/net7.0/engine.drivers.tests.dll" id="d2e5b92b-3563-5b95-00ed-671dd621f964">
      <Execution id="a5b5f7f9-dbfc-4fc5-a1cb-5cd146e75390" />
      <TestMethod codeBase="/home/rl/work/github.com/discomco/dot-cart/examples/car/Engine.Drivers.Tests/bin/Debug/net7.0/Engine.Drivers.Tests.dll" adapterTypeName="executor://xunit/VsTestRunner2/netcoreapp" className="Engine.Drivers.Tests.ChangeDetails.RabbitMqEmitterDriverTests" name="ShouldTPayloadHaveTopic" />
    </UnitTest>
    <UnitTest name="Engine.Drivers.Tests.RedisStoreRootListDriverTests.ShouldCheckIfDocExists" storage="/home/rl/work/github.com/discomco/dot-cart/examples/car/engine.drivers.tests/bin/debug/net7.0/engine.drivers.tests.dll" id="44fe6b45-4487-b24e-29cc-7d6c9682b9cb">
      <Execution id="97ce3401-c33b-4515-90f8-acfd478822d7" />
      <TestMethod codeBase="/home/rl/work/github.com/discomco/dot-cart/examples/car/Engine.Drivers.Tests/bin/Debug/net7.0/Engine.Drivers.Tests.dll" adapterTypeName="executor://xunit/VsTestRunner2/netcoreapp" className="Engine.Drivers.Tests.RedisStoreRootListDriverTests" name="ShouldCheckIfDocExists" />
    </UnitTest>
    <UnitTest name="Engine.Drivers.Tests.ChangeDetails.RabbitMqEmitterDriverTests.ShouldResolveConnectionFactory" storage="/home/rl/work/github.com/discomco/dot-cart/examples/car/engine.drivers.tests/bin/debug/net7.0/engine.drivers.tests.dll" id="94c4cccf-1e21-1d15-aaaa-6b4c33321305">
      <Execution id="139d3b12-e5af-4bb1-bac9-394b942a5d56" />
      <TestMethod codeBase="/home/rl/work/github.com/discomco/dot-cart/examples/car/Engine.Drivers.Tests/bin/Debug/net7.0/Engine.Drivers.Tests.dll" adapterTypeName="executor://xunit/VsTestRunner2/netcoreapp" className="Engine.Drivers.Tests.ChangeDetails.RabbitMqEmitterDriverTests" name="ShouldResolveConnectionFactory" />
    </UnitTest>
    <UnitTest name="Engine.Drivers.Tests.Start.RabbitMqEmitterDriverTests.ShouldResolveFact2Msg" storage="/home/rl/work/github.com/discomco/dot-cart/examples/car/engine.drivers.tests/bin/debug/net7.0/engine.drivers.tests.dll" id="327b9895-fb91-419a-0a86-fd86a95208a9">
      <Execution id="22de1b88-ee8a-4f69-af31-d7863e58e729" />
      <TestMethod codeBase="/home/rl/work/github.com/discomco/dot-cart/examples/car/Engine.Drivers.Tests/bin/Debug/net7.0/Engine.Drivers.Tests.dll" adapterTypeName="executor://xunit/VsTestRunner2/netcoreapp" className="Engine.Drivers.Tests.Start.RabbitMqEmitterDriverTests" name="ShouldResolveFact2Msg" />
    </UnitTest>
    <UnitTest name="Engine.Drivers.Tests.RedisStoreRootDocDriverTests.ShouldCheckIfDocExists" storage="/home/rl/work/github.com/discomco/dot-cart/examples/car/engine.drivers.tests/bin/debug/net7.0/engine.drivers.tests.dll" id="7a06abcd-35f5-6171-bafc-bb16affdf265">
      <Execution id="ecafa49e-8f03-4c6e-ba9f-9ce4904b7abc" />
      <TestMethod codeBase="/home/rl/work/github.com/discomco/dot-cart/examples/car/Engine.Drivers.Tests/bin/Debug/net7.0/Engine.Drivers.Tests.dll" adapterTypeName="executor://xunit/VsTestRunner2/netcoreapp" className="Engine.Drivers.Tests.RedisStoreRootDocDriverTests" name="ShouldCheckIfDocExists" />
    </UnitTest>
    <UnitTest name="Engine.Drivers.Tests.Stop.RabbitMqEmitterDriverTests.ShouldResolveConnectionFactory" storage="/home/rl/work/github.com/discomco/dot-cart/examples/car/engine.drivers.tests/bin/debug/net7.0/engine.drivers.tests.dll" id="9decc29a-a08f-8cca-c315-905cbfabf1eb">
      <Execution id="6718bf2f-b1b6-4ceb-b11d-ae3b7dd0310e" />
      <TestMethod codeBase="/home/rl/work/github.com/discomco/dot-cart/examples/car/Engine.Drivers.Tests/bin/Debug/net7.0/Engine.Drivers.Tests.dll" adapterTypeName="executor://xunit/VsTestRunner2/netcoreapp" className="Engine.Drivers.Tests.Stop.RabbitMqEmitterDriverTests" name="ShouldResolveConnectionFactory" />
    </UnitTest>
    <UnitTest name="Engine.Drivers.Tests.Stop.RabbitMqEmitterDriverTests.ShouldTPayloadHaveTopic" storage="/home/rl/work/github.com/discomco/dot-cart/examples/car/engine.drivers.tests/bin/debug/net7.0/engine.drivers.tests.dll" id="24ac04b5-2d73-cbc0-56c4-fb4b36ef41e2">
      <Execution id="274430c7-032b-4947-8e70-2254150521b9" />
      <TestMethod codeBase="/home/rl/work/github.com/discomco/dot-cart/examples/car/Engine.Drivers.Tests/bin/Debug/net7.0/Engine.Drivers.Tests.dll" adapterTypeName="executor://xunit/VsTestRunner2/netcoreapp" className="Engine.Drivers.Tests.Stop.RabbitMqEmitterDriverTests" name="ShouldTPayloadHaveTopic" />
    </UnitTest>
    <UnitTest name="Engine.Drivers.Tests.ChangeDetails.RabbitMqListenerDriverTests.ShouldResolveMsg2Fact" storage="/home/rl/work/github.com/discomco/dot-cart/examples/car/engine.drivers.tests/bin/debug/net7.0/engine.drivers.tests.dll" id="f7a05e42-a915-086e-4948-0ebdd04e8f74">
      <Execution id="4dba5185-2ef1-4b1a-a1b0-67b5bc8c4e6f" />
      <TestMethod codeBase="/home/rl/work/github.com/discomco/dot-cart/examples/car/Engine.Drivers.Tests/bin/Debug/net7.0/Engine.Drivers.Tests.dll" adapterTypeName="executor://xunit/VsTestRunner2/netcoreapp" className="Engine.Drivers.Tests.ChangeDetails.RabbitMqListenerDriverTests" name="ShouldResolveMsg2Fact" />
    </UnitTest>
    <UnitTest name="Engine.Drivers.Tests.RedisStoreRootListDriverTests.ShouldGetDocFromRedisStore" storage="/home/rl/work/github.com/discomco/dot-cart/examples/car/engine.drivers.tests/bin/debug/net7.0/engine.drivers.tests.dll" id="47bf20d4-6dcb-711b-291c-f2cde0182446">
      <Execution id="df9e854a-2d54-43e0-be71-335cddccb6d2" />
      <TestMethod codeBase="/home/rl/work/github.com/discomco/dot-cart/examples/car/Engine.Drivers.Tests/bin/Debug/net7.0/Engine.Drivers.Tests.dll" adapterTypeName="executor://xunit/VsTestRunner2/netcoreapp" className="Engine.Drivers.Tests.RedisStoreRootListDriverTests" name="ShouldGetDocFromRedisStore" />
    </UnitTest>
    <UnitTest name="Engine.Drivers.Tests.Stop.RabbitMqListenerDriverTests.ShouldResolveListenerDriver" storage="/home/rl/work/github.com/discomco/dot-cart/examples/car/engine.drivers.tests/bin/debug/net7.0/engine.drivers.tests.dll" id="cf274738-dc51-4555-aaae-d690dd9b9d08">
      <Execution id="818b9964-10d3-45a0-9df9-104ecd8a2287" />
      <TestMethod codeBase="/home/rl/work/github.com/discomco/dot-cart/examples/car/Engine.Drivers.Tests/bin/Debug/net7.0/Engine.Drivers.Tests.dll" adapterTypeName="executor://xunit/VsTestRunner2/netcoreapp" className="Engine.Drivers.Tests.Stop.RabbitMqListenerDriverTests" name="ShouldResolveListenerDriver" />
    </UnitTest>
    <UnitTest name="Engine.Drivers.Tests.Start.RabbitMqListenerDriverTests.ShouldResolveConnectionFactory" storage="/home/rl/work/github.com/discomco/dot-cart/examples/car/engine.drivers.tests/bin/debug/net7.0/engine.drivers.tests.dll" id="674c2410-362f-4222-7654-97449c9cdb6e">
      <Execution id="cf2ba76d-02dd-447d-b8d5-6d6786f10d5c" />
      <TestMethod codeBase="/home/rl/work/github.com/discomco/dot-cart/examples/car/Engine.Drivers.Tests/bin/Debug/net7.0/Engine.Drivers.Tests.dll" adapterTypeName="executor://xunit/VsTestRunner2/netcoreapp" className="Engine.Drivers.Tests.Start.RabbitMqListenerDriverTests" name="ShouldResolveConnectionFactory" />
    </UnitTest>
    <UnitTest name="Engine.Drivers.Tests.RedisStoreRootDocDriverTests.ShouldResolveRedisStoreDriver" storage="/home/rl/work/github.com/discomco/dot-cart/examples/car/engine.drivers.tests/bin/debug/net7.0/engine.drivers.tests.dll" id="294b6d34-2b64-9a31-f8d4-e9521af733f8">
      <Execution id="9ca8b1ff-1ee6-46b5-a2dc-02e452bdaf1b" />
      <TestMethod codeBase="/home/rl/work/github.com/discomco/dot-cart/examples/car/Engine.Drivers.Tests/bin/Debug/net7.0/Engine.Drivers.Tests.dll" adapterTypeName="executor://xunit/VsTestRunner2/netcoreapp" className="Engine.Drivers.Tests.RedisStoreRootDocDriverTests" name="ShouldResolveRedisStoreDriver" />
    </UnitTest>
    <UnitTest name="Engine.Drivers.Tests.ChangeDetails.RabbitMqListenerDriverTests.ShouldResolveConnectionFactory" storage="/home/rl/work/github.com/discomco/dot-cart/examples/car/engine.drivers.tests/bin/debug/net7.0/engine.drivers.tests.dll" id="e6f79de9-91e6-1a1d-1de1-517fc99212ab">
      <Execution id="eaa3aadc-ff70-47a6-a1a9-bc0ba0ad233a" />
      <TestMethod codeBase="/home/rl/work/github.com/discomco/dot-cart/examples/car/Engine.Drivers.Tests/bin/Debug/net7.0/Engine.Drivers.Tests.dll" adapterTypeName="executor://xunit/VsTestRunner2/netcoreapp" className="Engine.Drivers.Tests.ChangeDetails.RabbitMqListenerDriverTests" name="ShouldResolveConnectionFactory" />
    </UnitTest>
    <UnitTest name="Engine.Drivers.Tests.Initialize.RabbitMqEmitterDriverTests.ShouldTPayloadHaveTopic" storage="/home/rl/work/github.com/discomco/dot-cart/examples/car/engine.drivers.tests/bin/debug/net7.0/engine.drivers.tests.dll" id="f02c48a1-8909-30b9-77a1-da9dd9e2a9e1">
      <Execution id="af29f851-ceef-4b72-a20c-1686a363592a" />
      <TestMethod codeBase="/home/rl/work/github.com/discomco/dot-cart/examples/car/Engine.Drivers.Tests/bin/Debug/net7.0/Engine.Drivers.Tests.dll" adapterTypeName="executor://xunit/VsTestRunner2/netcoreapp" className="Engine.Drivers.Tests.Initialize.RabbitMqEmitterDriverTests" name="ShouldTPayloadHaveTopic" />
    </UnitTest>
    <UnitTest name="Engine.Drivers.Tests.Initialize.RabbitMqEmitterDriverTests.ShouldResolveConnectionFactory" storage="/home/rl/work/github.com/discomco/dot-cart/examples/car/engine.drivers.tests/bin/debug/net7.0/engine.drivers.tests.dll" id="25ae3d4c-dd8c-1fae-e561-da78a35aa534">
      <Execution id="4ea16642-35ba-429e-9bf0-b6fdef8845e6" />
      <TestMethod codeBase="/home/rl/work/github.com/discomco/dot-cart/examples/car/Engine.Drivers.Tests/bin/Debug/net7.0/Engine.Drivers.Tests.dll" adapterTypeName="executor://xunit/VsTestRunner2/netcoreapp" className="Engine.Drivers.Tests.Initialize.RabbitMqEmitterDriverTests" name="ShouldResolveConnectionFactory" />
    </UnitTest>
    <UnitTest name="Engine.Drivers.Tests.Start.RabbitMqListenerDriverTests.ShouldResolveListenerDriver" storage="/home/rl/work/github.com/discomco/dot-cart/examples/car/engine.drivers.tests/bin/debug/net7.0/engine.drivers.tests.dll" id="e5462a7b-3595-0301-5cd8-dd9144c5585c">
      <Execution id="7b112037-1823-41e0-b58f-1b96cf7a1f8f" />
      <TestMethod codeBase="/home/rl/work/github.com/discomco/dot-cart/examples/car/Engine.Drivers.Tests/bin/Debug/net7.0/Engine.Drivers.Tests.dll" adapterTypeName="executor://xunit/VsTestRunner2/netcoreapp" className="Engine.Drivers.Tests.Start.RabbitMqListenerDriverTests" name="ShouldResolveListenerDriver" />
    </UnitTest>
    <UnitTest name="Engine.Drivers.Tests.Stop.RabbitMqListenerDriverTests.ShouldTPayloadHaveTopic" storage="/home/rl/work/github.com/discomco/dot-cart/examples/car/engine.drivers.tests/bin/debug/net7.0/engine.drivers.tests.dll" id="ec6ab6e0-933e-c21a-20ab-faabfa24dd09">
      <Execution id="87cf64cb-070a-4b49-a6e0-4b0a7d88a2cb" />
      <TestMethod codeBase="/home/rl/work/github.com/discomco/dot-cart/examples/car/Engine.Drivers.Tests/bin/Debug/net7.0/Engine.Drivers.Tests.dll" adapterTypeName="executor://xunit/VsTestRunner2/netcoreapp" className="Engine.Drivers.Tests.Stop.RabbitMqListenerDriverTests" name="ShouldTPayloadHaveTopic" />
    </UnitTest>
    <UnitTest name="Engine.Drivers.Tests.Initialize.RabbitMqListenerDriverTests.ShouldResolveMsg2Fact" storage="/home/rl/work/github.com/discomco/dot-cart/examples/car/engine.drivers.tests/bin/debug/net7.0/engine.drivers.tests.dll" id="2c261821-fd23-fe3f-12fd-3e0e1f4598ef">
      <Execution id="70755911-4617-4c49-a3b8-d0888601f5fd" />
      <TestMethod codeBase="/home/rl/work/github.com/discomco/dot-cart/examples/car/Engine.Drivers.Tests/bin/Debug/net7.0/Engine.Drivers.Tests.dll" adapterTypeName="executor://xunit/VsTestRunner2/netcoreapp" className="Engine.Drivers.Tests.Initialize.RabbitMqListenerDriverTests" name="ShouldResolveMsg2Fact" />
    </UnitTest>
    <UnitTest name="Engine.Drivers.Tests.Start.RabbitMqListenerDriverTests.ShouldTPayloadHaveTopic" storage="/home/rl/work/github.com/discomco/dot-cart/examples/car/engine.drivers.tests/bin/debug/net7.0/engine.drivers.tests.dll" id="b787acda-e732-84a4-e4a7-c7f0d66bcc2f">
      <Execution id="62fb3d43-102f-4229-b9cb-a56c99f66a6c" />
      <TestMethod codeBase="/home/rl/work/github.com/discomco/dot-cart/examples/car/Engine.Drivers.Tests/bin/Debug/net7.0/Engine.Drivers.Tests.dll" adapterTypeName="executor://xunit/VsTestRunner2/netcoreapp" className="Engine.Drivers.Tests.Start.RabbitMqListenerDriverTests" name="ShouldTPayloadHaveTopic" />
    </UnitTest>
  </TestDefinitions>
  <TestEntries>
    <TestEntry testId="f02c48a1-8909-30b9-77a1-da9dd9e2a9e1" executionId="af29f851-ceef-4b72-a20c-1686a363592a" testListId="8c84fa94-04c1-424b-9868-57a2d4851a1d" />
    <TestEntry testId="2c261821-fd23-fe3f-12fd-3e0e1f4598ef" executionId="70755911-4617-4c49-a3b8-d0888601f5fd" testListId="8c84fa94-04c1-424b-9868-57a2d4851a1d" />
    <TestEntry testId="e6f79de9-91e6-1a1d-1de1-517fc99212ab" executionId="eaa3aadc-ff70-47a6-a1a9-bc0ba0ad233a" testListId="8c84fa94-04c1-424b-9868-57a2d4851a1d" />
    <TestEntry testId="abc57354-7267-02e6-2b90-0a7253c0de83" executionId="c0b4995d-40f6-4164-b762-8b98d4dae862" testListId="8c84fa94-04c1-424b-9868-57a2d4851a1d" />
    <TestEntry testId="94c4cccf-1e21-1d15-aaaa-6b4c33321305" executionId="139d3b12-e5af-4bb1-bac9-394b942a5d56" testListId="8c84fa94-04c1-424b-9868-57a2d4851a1d" />
    <TestEntry testId="ef678563-aeb1-cd13-9c02-94cfce0dff98" executionId="65db8b27-3c0a-461b-b7a8-211e4f097bd9" testListId="8c84fa94-04c1-424b-9868-57a2d4851a1d" />
    <TestEntry testId="56427814-2e34-a329-ef97-c63710377819" executionId="a61cea8b-2f5a-4546-8125-9a4786a4c263" testListId="8c84fa94-04c1-424b-9868-57a2d4851a1d" />
    <TestEntry testId="24ac04b5-2d73-cbc0-56c4-fb4b36ef41e2" executionId="274430c7-032b-4947-8e70-2254150521b9" testListId="8c84fa94-04c1-424b-9868-57a2d4851a1d" />
    <TestEntry testId="399e0d10-0dec-722e-b750-9dce5cc6e694" executionId="68e43bb9-e5f4-42ad-8889-0f0c8cdd19b6" testListId="8c84fa94-04c1-424b-9868-57a2d4851a1d" />
    <TestEntry testId="90e12934-e074-b101-a0cc-c907b7647d20" executionId="5f501399-64bf-4ece-a924-77493362b26b" testListId="8c84fa94-04c1-424b-9868-57a2d4851a1d" />
    <TestEntry testId="fcb42bab-2aa1-c772-1a1e-2c057e519559" executionId="45b35b29-e7d5-4b1f-b7aa-5eafebaa3bf3" testListId="8c84fa94-04c1-424b-9868-57a2d4851a1d" />
    <TestEntry testId="5327558d-a6b1-099d-744e-3af04baae404" executionId="1f5dc245-04cf-4e7e-8866-1a3f2601d4ef" testListId="8c84fa94-04c1-424b-9868-57a2d4851a1d" />
    <TestEntry testId="f3e53a34-6fe1-fbdc-f688-b8c4c11a6949" executionId="2a7b56a3-952f-4bfb-851a-0fe1cbc6b829" testListId="8c84fa94-04c1-424b-9868-57a2d4851a1d" />
    <TestEntry testId="c283f827-f68f-80c2-a802-c5e01253d0c0" executionId="3b96d502-2fa1-4783-88e7-da582c47cba5" testListId="8c84fa94-04c1-424b-9868-57a2d4851a1d" />
    <TestEntry testId="6762a14d-f3a9-ab99-cda4-f4f5cb9a8138" executionId="6fc22804-25f5-4e81-b5d2-7da016b3a10a" testListId="8c84fa94-04c1-424b-9868-57a2d4851a1d" />
    <TestEntry testId="810a1d23-40be-aa91-699a-f131e3051d94" executionId="a436c5cb-172b-462e-b7e7-bbbf6128fae2" testListId="8c84fa94-04c1-424b-9868-57a2d4851a1d" />
    <TestEntry testId="9decc29a-a08f-8cca-c315-905cbfabf1eb" executionId="6718bf2f-b1b6-4ceb-b11d-ae3b7dd0310e" testListId="8c84fa94-04c1-424b-9868-57a2d4851a1d" />
    <TestEntry testId="bbddd97c-9994-af83-46a4-ff0a78eaa91d" executionId="e04a54ff-951b-4a95-b661-f25b48841e74" testListId="8c84fa94-04c1-424b-9868-57a2d4851a1d" />
    <TestEntry testId="e5462a7b-3595-0301-5cd8-dd9144c5585c" executionId="7b112037-1823-41e0-b58f-1b96cf7a1f8f" testListId="8c84fa94-04c1-424b-9868-57a2d4851a1d" />
    <TestEntry testId="9c838059-2095-4a05-3c2f-e3cd1208dba4" executionId="c909aa7e-ff84-430e-935c-57b4368fd406" testListId="8c84fa94-04c1-424b-9868-57a2d4851a1d" />
    <TestEntry testId="327b9895-fb91-419a-0a86-fd86a95208a9" executionId="22de1b88-ee8a-4f69-af31-d7863e58e729" testListId="8c84fa94-04c1-424b-9868-57a2d4851a1d" />
    <TestEntry testId="2943fc69-f726-f5e0-8e90-f756b15e2cd5" executionId="1cf7773e-79a2-4ad5-aea2-6a943e524af1" testListId="8c84fa94-04c1-424b-9868-57a2d4851a1d" />
    <TestEntry testId="bef20279-a6e0-0e85-d896-f692dac8ea2f" executionId="5b77d8db-b179-4369-a4ec-876d047e62dc" testListId="8c84fa94-04c1-424b-9868-57a2d4851a1d" />
    <TestEntry testId="082d6243-48aa-f04d-bac2-fce1aac9f8e3" executionId="020abd83-eb63-41f5-b17d-6ecc1e7528f0" testListId="8c84fa94-04c1-424b-9868-57a2d4851a1d" />
    <TestEntry testId="47bf20d4-6dcb-711b-291c-f2cde0182446" executionId="df9e854a-2d54-43e0-be71-335cddccb6d2" testListId="8c84fa94-04c1-424b-9868-57a2d4851a1d" />
    <TestEntry testId="cf274738-dc51-4555-aaae-d690dd9b9d08" executionId="818b9964-10d3-45a0-9df9-104ecd8a2287" testListId="8c84fa94-04c1-424b-9868-57a2d4851a1d" />
    <TestEntry testId="3f909a83-f9a5-772f-ef11-d00fea418fd2" executionId="ed754120-56fc-4bb3-be2e-078c9b8d22a2" testListId="8c84fa94-04c1-424b-9868-57a2d4851a1d" />
    <TestEntry testId="674c2410-362f-4222-7654-97449c9cdb6e" executionId="cf2ba76d-02dd-447d-b8d5-6d6786f10d5c" testListId="8c84fa94-04c1-424b-9868-57a2d4851a1d" />
    <TestEntry testId="6abdbed5-ceb5-b4ec-c081-7a62746cde12" executionId="bcf59377-46e1-4c19-b5a5-9b5736f2340b" testListId="8c84fa94-04c1-424b-9868-57a2d4851a1d" />
    <TestEntry testId="bc684fd4-53a3-7bb6-b809-b6a5d5f76d86" executionId="f2ffbf82-070a-473d-bb04-d9100511aba1" testListId="8c84fa94-04c1-424b-9868-57a2d4851a1d" />
    <TestEntry testId="2578cb16-f7ac-066b-8c12-3b4002145219" executionId="856de66f-8c73-4cef-8c69-25ffaf587aa9" testListId="8c84fa94-04c1-424b-9868-57a2d4851a1d" />
    <TestEntry testId="d2e5b92b-3563-5b95-00ed-671dd621f964" executionId="a5b5f7f9-dbfc-4fc5-a1cb-5cd146e75390" testListId="8c84fa94-04c1-424b-9868-57a2d4851a1d" />
    <TestEntry testId="a26ba487-758b-0325-d679-04d8bb142404" executionId="a64b0cdf-2fc2-41c7-b9fd-12a3f1fed6f8" testListId="8c84fa94-04c1-424b-9868-57a2d4851a1d" />
    <TestEntry testId="7aff783f-b3c3-53f3-d128-091246206447" executionId="cf3ff8a7-8fe2-4bc7-b889-97ca65b1b5f8" testListId="8c84fa94-04c1-424b-9868-57a2d4851a1d" />
    <TestEntry testId="c8aabc75-df6f-593f-2702-50857d9a97de" executionId="c33f33ad-4532-4fdd-be3e-7e09d7b91375" testListId="8c84fa94-04c1-424b-9868-57a2d4851a1d" />
    <TestEntry testId="f7a05e42-a915-086e-4948-0ebdd04e8f74" executionId="4dba5185-2ef1-4b1a-a1b0-67b5bc8c4e6f" testListId="8c84fa94-04c1-424b-9868-57a2d4851a1d" />
    <TestEntry testId="c1784290-1a57-1907-8888-572ea5c6d561" executionId="8360cbd5-562b-4065-9379-d9295adac3ac" testListId="8c84fa94-04c1-424b-9868-57a2d4851a1d" />
    <TestEntry testId="fb1e8073-fc73-cbf7-b580-02c50a224dc7" executionId="b6d4c5b1-9242-4af7-bc24-47678d00ea0d" testListId="8c84fa94-04c1-424b-9868-57a2d4851a1d" />
    <TestEntry testId="25ae3d4c-dd8c-1fae-e561-da78a35aa534" executionId="4ea16642-35ba-429e-9bf0-b6fdef8845e6" testListId="8c84fa94-04c1-424b-9868-57a2d4851a1d" />
    <TestEntry testId="294b6d34-2b64-9a31-f8d4-e9521af733f8" executionId="9ca8b1ff-1ee6-46b5-a2dc-02e452bdaf1b" testListId="8c84fa94-04c1-424b-9868-57a2d4851a1d" />
    <TestEntry testId="44fe6b45-4487-b24e-29cc-7d6c9682b9cb" executionId="97ce3401-c33b-4515-90f8-acfd478822d7" testListId="8c84fa94-04c1-424b-9868-57a2d4851a1d" />
    <TestEntry testId="b787acda-e732-84a4-e4a7-c7f0d66bcc2f" executionId="62fb3d43-102f-4229-b9cb-a56c99f66a6c" testListId="8c84fa94-04c1-424b-9868-57a2d4851a1d" />
    <TestEntry testId="ec6ab6e0-933e-c21a-20ab-faabfa24dd09" executionId="87cf64cb-070a-4b49-a6e0-4b0a7d88a2cb" testListId="8c84fa94-04c1-424b-9868-57a2d4851a1d" />
    <TestEntry testId="bae23f47-3cdb-e4ea-588b-4db0d660c5bd" executionId="ffb78e02-39c1-4fbd-8f7e-3da6355f2286" testListId="8c84fa94-04c1-424b-9868-57a2d4851a1d" />
    <TestEntry testId="9a24acf0-ae34-0bca-b9da-1a0b72c86a1e" executionId="2383cc5f-8fea-4dc1-8476-24fe2a571a5d" testListId="8c84fa94-04c1-424b-9868-57a2d4851a1d" />
    <TestEntry testId="7a06abcd-35f5-6171-bafc-bb16affdf265" executionId="ecafa49e-8f03-4c6e-ba9f-9ce4904b7abc" testListId="8c84fa94-04c1-424b-9868-57a2d4851a1d" />
    <TestEntry testId="be665a2a-76f2-ebe7-2233-a08481610164" executionId="7496d65c-f005-4f6a-85f2-7f5e8cd46e0d" testListId="8c84fa94-04c1-424b-9868-57a2d4851a1d" />
    <TestEntry testId="5c202f76-2e90-fac8-8c0d-9c5be0d03962" executionId="db3dc176-39d2-4b13-8eef-174f361797cc" testListId="8c84fa94-04c1-424b-9868-57a2d4851a1d" />
    <TestEntry testId="ad9d7d6c-6274-1ae8-1898-953b7d6aedfb" executionId="5a44f6a8-53fd-4cbf-8104-03c06f42cb85" testListId="8c84fa94-04c1-424b-9868-57a2d4851a1d" />
    <TestEntry testId="5a4b325a-60d9-1afa-c092-ca6ca41cf4ac" executionId="078f5158-750d-49a9-8c09-19852f0185d7" testListId="8c84fa94-04c1-424b-9868-57a2d4851a1d" />
  </TestEntries>
  <TestLists>
    <TestList name="Results Not in a List" id="8c84fa94-04c1-424b-9868-57a2d4851a1d" />
    <TestList name="All Loaded Results" id="19431567-8539-422a-85d7-44ee4e166bda" />
  </TestLists>
  <ResultSummary outcome="Completed">
    <Counters total="50" executed="50" passed="50" failed="0" error="0" timeout="0" aborted="0" inconclusive="0" passedButRunAborted="0" notRunnable="0" notExecuted="0" disconnected="0" warning="0" completed="0" inProgress="0" pending="0" />
    <Output>
      <StdOut>[xUnit.net 00:00:00.00] xUnit.net VSTest Adapter v2.4.5+1caef2f33e (64-bit .NET 7.0.0)
[xUnit.net 00:00:00.68]   Discovering: Engine.Drivers.Tests
[xUnit.net 00:00:00.70]   Discovered:  Engine.Drivers.Tests
[xUnit.net 00:00:00.71]   Starting:    Engine.Drivers.Tests
[xUnit.net 00:00:01.02]   Finished:    Engine.Drivers.Tests
</StdOut>
    </Output>
  </ResultSummary>
</TestRun>