<?xml version="1.0" encoding="utf-8"?>
<TestRun id="79ccbb8b-fef8-4bae-8ad3-1a87db9e8e45" name="@host00 2023-01-07 14:17:31" xmlns="http://microsoft.com/schemas/VisualStudio/TeamTest/2010">
  <Times creation="2023-01-07T14:17:31.3500561+01:00" queuing="2023-01-07T14:17:31.3500561+01:00" start="2023-01-07T14:17:29.9805004+01:00" finish="2023-01-07T14:17:31.3580254+01:00" />
  <TestSettings name="default" id="7a553198-64e8-4927-b89a-f4dda8f47269">
    <Deployment runDeploymentRoot="_host00_2023-01-07_14_17_31" />
  </TestSettings>
  <Results>
    <UnitTestResult executionId="61f0ef21-847c-4d67-9154-81aff098add1" testId="45664eb7-9707-c803-481a-9e664d299015" testName="DotCart.Drivers.Serilog.Tests.LogConstantsTests.ShouldPutAsVerb" computerName="host00" duration="00:00:00.0384886" startTime="2023-01-07T14:17:31.2318386+01:00" endTime="2023-01-07T14:17:31.2318570+01:00" testType="13cdc9d9-ddb5-4fa4-a97d-d965ccfc6d4b" outcome="Passed" testListId="8c84fa94-04c1-424b-9868-57a2d4851a1d" relativeResultsDirectory="61f0ef21-847c-4d67-9154-81aff098add1">
      <Output>
        <StdOut>\x1b[44m\x1b[30m::STARTING::\x1b[0m\x1b[44m\x1b[0m</StdOut>
      </Output>
    </UnitTestResult>
  </Results>
  <TestDefinitions>
    <UnitTest name="DotCart.Drivers.Serilog.Tests.LogConstantsTests.ShouldPutAsVerb" storage="/home/rl/work/github.com/discomco/dot-cart/drivers/dotcart.drivers.serilog.tests/bin/debug/net7.0/dotcart.drivers.serilog.tests.dll" id="45664eb7-9707-c803-481a-9e664d299015">
      <Execution id="61f0ef21-847c-4d67-9154-81aff098add1" />
      <TestMethod codeBase="/home/rl/work/github.com/discomco/dot-cart/drivers/DotCart.Drivers.Serilog.Tests/bin/Debug/net7.0/DotCart.Drivers.Serilog.Tests.dll" adapterTypeName="executor://xunit/VsTestRunner2/netcoreapp" className="DotCart.Drivers.Serilog.Tests.LogConstantsTests" name="ShouldPutAsVerb" />
    </UnitTest>
  </TestDefinitions>
  <TestEntries>
    <TestEntry testId="45664eb7-9707-c803-481a-9e664d299015" executionId="61f0ef21-847c-4d67-9154-81aff098add1" testListId="8c84fa94-04c1-424b-9868-57a2d4851a1d" />
  </TestEntries>
  <TestLists>
    <TestList name="Results Not in a List" id="8c84fa94-04c1-424b-9868-57a2d4851a1d" />
    <TestList name="All Loaded Results" id="19431567-8539-422a-85d7-44ee4e166bda" />
  </TestLists>
  <ResultSummary outcome="Completed">
    <Counters total="1" executed="1" passed="1" failed="0" error="0" timeout="0" aborted="0" inconclusive="0" passedButRunAborted="0" notRunnable="0" notExecuted="0" disconnected="0" warning="0" completed="0" inProgress="0" pending="0" />
    <Output>
      <StdOut>[xUnit.net 00:00:00.00] xUnit.net VSTest Adapter v2.4.5+1caef2f33e (64-bit .NET 7.0.0)
[xUnit.net 00:00:00.67]   Discovering: DotCart.Drivers.Serilog.Tests
[xUnit.net 00:00:00.69]   Discovered:  DotCart.Drivers.Serilog.Tests
[xUnit.net 00:00:00.69]   Starting:    DotCart.Drivers.Serilog.Tests
[xUnit.net 00:00:00.78]   Finished:    DotCart.Drivers.Serilog.Tests
</StdOut>
    </Output>
  </ResultSummary>
</TestRun>