<?xml version="1.0" encoding="utf-8"?>
<TestRun id="e401e1ed-96ea-40b3-9a8e-9db2c22141e9" name="@host00 2023-01-07 14:17:31" xmlns="http://microsoft.com/schemas/VisualStudio/TeamTest/2010">
  <Times creation="2023-01-07T14:17:31.9439922+01:00" queuing="2023-01-07T14:17:31.9439922+01:00" start="2023-01-07T14:17:30.6447514+01:00" finish="2023-01-07T14:17:31.9515417+01:00" />
  <TestSettings name="default" id="9eb715fe-59e2-4d15-aa3b-d145361a89c1">
    <Deployment runDeploymentRoot="_host00_2023-01-07_14_17_31" />
  </TestSettings>
  <Results>
    <UnitTestResult executionId="b4aa3c80-56f2-4b7e-b4d2-2c5bc39fea1f" testId="e0fbdde5-e258-6c26-cc84-f7301bd19638" testName="DotCart.Drivers.RabbitMQ.Tests.TheEmitterDriverTests.ShouldResolveConnectionFactory" computerName="host00" duration="00:00:00.0006451" startTime="2023-01-07T14:17:31.8453776+01:00" endTime="2023-01-07T14:17:31.8453776+01:00" testType="13cdc9d9-ddb5-4fa4-a97d-d965ccfc6d4b" outcome="Passed" testListId="8c84fa94-04c1-424b-9868-57a2d4851a1d" relativeResultsDirectory="b4aa3c80-56f2-4b7e-b4d2-2c5bc39fea1f" />
    <UnitTestResult executionId="ff95103e-5d15-43d4-a51e-12ed27bd4059" testId="517757b5-db9a-6b72-1535-ddf6af0adab2" testName="DotCart.Drivers.RabbitMQ.Tests.TheEmitterDriverTests.ShouldResolveEmitterDriver" computerName="host00" duration="00:00:00.0006338" startTime="2023-01-07T14:17:31.8458050+01:00" endTime="2023-01-07T14:17:31.8458050+01:00" testType="13cdc9d9-ddb5-4fa4-a97d-d965ccfc6d4b" outcome="Passed" testListId="8c84fa94-04c1-424b-9868-57a2d4851a1d" relativeResultsDirectory="ff95103e-5d15-43d4-a51e-12ed27bd4059" />
    <UnitTestResult executionId="3d11dda7-0d5b-4c16-b0ba-c159e7984607" testId="87fa378e-3702-1f04-5615-e38661c1c27d" testName="DotCart.Drivers.RabbitMQ.Tests.TheListenerDriverTests.ShouldResolveListenerDriver" computerName="host00" duration="00:00:00.0004066" startTime="2023-01-07T14:17:31.8457550+01:00" endTime="2023-01-07T14:17:31.8457550+01:00" testType="13cdc9d9-ddb5-4fa4-a97d-d965ccfc6d4b" outcome="Passed" testListId="8c84fa94-04c1-424b-9868-57a2d4851a1d" relativeResultsDirectory="3d11dda7-0d5b-4c16-b0ba-c159e7984607" />
    <UnitTestResult executionId="e5c10f62-ea77-40bb-a907-180f93e4d828" testId="d6bc2cf2-e473-c093-8715-470f407d74ca" testName="DotCart.Drivers.RabbitMQ.Tests.TheListenerDriverTests.ShouldResolveMsg2Fact" computerName="host00" duration="00:00:00.0009294" startTime="2023-01-07T14:17:31.8456805+01:00" endTime="2023-01-07T14:17:31.8456806+01:00" testType="13cdc9d9-ddb5-4fa4-a97d-d965ccfc6d4b" outcome="Passed" testListId="8c84fa94-04c1-424b-9868-57a2d4851a1d" relativeResultsDirectory="e5c10f62-ea77-40bb-a907-180f93e4d828" />
    <UnitTestResult executionId="65fb4c3c-9b72-4248-937f-7e7eed6f7fcc" testId="aebf6f79-bd93-be00-24b8-e4411f2082e1" testName="DotCart.Drivers.RabbitMQ.Tests.TheListenerDriverTests.ShouldTPayloadHaveTopic" computerName="host00" duration="00:00:00.0001342" startTime="2023-01-07T14:17:31.8457871+01:00" endTime="2023-01-07T14:17:31.8457872+01:00" testType="13cdc9d9-ddb5-4fa4-a97d-d965ccfc6d4b" outcome="Passed" testListId="8c84fa94-04c1-424b-9868-57a2d4851a1d" relativeResultsDirectory="65fb4c3c-9b72-4248-937f-7e7eed6f7fcc" />
    <UnitTestResult executionId="9713cfa7-cee1-48c5-9cff-401280ff128b" testId="6ea2e6fe-63f3-1c40-afd4-b8b14be0ada7" testName="DotCart.Drivers.RabbitMQ.Tests.TheEmitterDriverTests.ShouldResolveFact2Msg" computerName="host00" duration="00:00:00.0002963" startTime="2023-01-07T14:17:31.8457171+01:00" endTime="2023-01-07T14:17:31.8457171+01:00" testType="13cdc9d9-ddb5-4fa4-a97d-d965ccfc6d4b" outcome="Passed" testListId="8c84fa94-04c1-424b-9868-57a2d4851a1d" relativeResultsDirectory="9713cfa7-cee1-48c5-9cff-401280ff128b" />
    <UnitTestResult executionId="2f7adccc-78ca-4ffd-a1e2-6330d8011441" testId="2f10c497-b4b9-16aa-2475-2589770e58cc" testName="DotCart.Drivers.RabbitMQ.Tests.TheListenerDriverTests.ShouldResolveConnectionFactory" computerName="host00" duration="00:00:00.0296233" startTime="2023-01-07T14:17:31.8443984+01:00" endTime="2023-01-07T14:17:31.8443985+01:00" testType="13cdc9d9-ddb5-4fa4-a97d-d965ccfc6d4b" outcome="Passed" testListId="8c84fa94-04c1-424b-9868-57a2d4851a1d" relativeResultsDirectory="2f7adccc-78ca-4ffd-a1e2-6330d8011441" />
    <UnitTestResult executionId="664b876f-7a73-42d3-9192-715092da3a5a" testId="8410b7a0-d0e2-42d2-1545-3dbf232b98aa" testName="DotCart.Drivers.RabbitMQ.Tests.TheEmitterDriverTests.ShouldTPayloadHaveTopic" computerName="host00" duration="00:00:00.0294180" startTime="2023-01-07T14:17:31.8419980+01:00" endTime="2023-01-07T14:17:31.8420265+01:00" testType="13cdc9d9-ddb5-4fa4-a97d-d965ccfc6d4b" outcome="Passed" testListId="8c84fa94-04c1-424b-9868-57a2d4851a1d" relativeResultsDirectory="664b876f-7a73-42d3-9192-715092da3a5a" />
  </Results>
  <TestDefinitions>
    <UnitTest name="DotCart.Drivers.RabbitMQ.Tests.TheListenerDriverTests.ShouldResolveMsg2Fact" storage="/home/rl/work/github.com/discomco/dot-cart/drivers/dotcart.drivers.rabbitmq.tests/bin/debug/net7.0/dotcart.drivers.rabbitmq.tests.dll" id="d6bc2cf2-e473-c093-8715-470f407d74ca">
      <Execution id="e5c10f62-ea77-40bb-a907-180f93e4d828" />
      <TestMethod codeBase="/home/rl/work/github.com/discomco/dot-cart/drivers/DotCart.Drivers.RabbitMQ.Tests/bin/Debug/net7.0/DotCart.Drivers.RabbitMQ.Tests.dll" adapterTypeName="executor://xunit/VsTestRunner2/netcoreapp" className="DotCart.Drivers.RabbitMQ.Tests.TheListenerDriverTests" name="ShouldResolveMsg2Fact" />
    </UnitTest>
    <UnitTest name="DotCart.Drivers.RabbitMQ.Tests.TheEmitterDriverTests.ShouldResolveFact2Msg" storage="/home/rl/work/github.com/discomco/dot-cart/drivers/dotcart.drivers.rabbitmq.tests/bin/debug/net7.0/dotcart.drivers.rabbitmq.tests.dll" id="6ea2e6fe-63f3-1c40-afd4-b8b14be0ada7">
      <Execution id="9713cfa7-cee1-48c5-9cff-401280ff128b" />
      <TestMethod codeBase="/home/rl/work/github.com/discomco/dot-cart/drivers/DotCart.Drivers.RabbitMQ.Tests/bin/Debug/net7.0/DotCart.Drivers.RabbitMQ.Tests.dll" adapterTypeName="executor://xunit/VsTestRunner2/netcoreapp" className="DotCart.Drivers.RabbitMQ.Tests.TheEmitterDriverTests" name="ShouldResolveFact2Msg" />
    </UnitTest>
    <UnitTest name="DotCart.Drivers.RabbitMQ.Tests.TheEmitterDriverTests.ShouldResolveConnectionFactory" storage="/home/rl/work/github.com/discomco/dot-cart/drivers/dotcart.drivers.rabbitmq.tests/bin/debug/net7.0/dotcart.drivers.rabbitmq.tests.dll" id="e0fbdde5-e258-6c26-cc84-f7301bd19638">
      <Execution id="b4aa3c80-56f2-4b7e-b4d2-2c5bc39fea1f" />
      <TestMethod codeBase="/home/rl/work/github.com/discomco/dot-cart/drivers/DotCart.Drivers.RabbitMQ.Tests/bin/Debug/net7.0/DotCart.Drivers.RabbitMQ.Tests.dll" adapterTypeName="executor://xunit/VsTestRunner2/netcoreapp" className="DotCart.Drivers.RabbitMQ.Tests.TheEmitterDriverTests" name="ShouldResolveConnectionFactory" />
    </UnitTest>
    <UnitTest name="DotCart.Drivers.RabbitMQ.Tests.TheListenerDriverTests.ShouldTPayloadHaveTopic" storage="/home/rl/work/github.com/discomco/dot-cart/drivers/dotcart.drivers.rabbitmq.tests/bin/debug/net7.0/dotcart.drivers.rabbitmq.tests.dll" id="aebf6f79-bd93-be00-24b8-e4411f2082e1">
      <Execution id="65fb4c3c-9b72-4248-937f-7e7eed6f7fcc" />
      <TestMethod codeBase="/home/rl/work/github.com/discomco/dot-cart/drivers/DotCart.Drivers.RabbitMQ.Tests/bin/Debug/net7.0/DotCart.Drivers.RabbitMQ.Tests.dll" adapterTypeName="executor://xunit/VsTestRunner2/netcoreapp" className="DotCart.Drivers.RabbitMQ.Tests.TheListenerDriverTests" name="ShouldTPayloadHaveTopic" />
    </UnitTest>
    <UnitTest name="DotCart.Drivers.RabbitMQ.Tests.TheEmitterDriverTests.ShouldTPayloadHaveTopic" storage="/home/rl/work/github.com/discomco/dot-cart/drivers/dotcart.drivers.rabbitmq.tests/bin/debug/net7.0/dotcart.drivers.rabbitmq.tests.dll" id="8410b7a0-d0e2-42d2-1545-3dbf232b98aa">
      <Execution id="664b876f-7a73-42d3-9192-715092da3a5a" />
      <TestMethod codeBase="/home/rl/work/github.com/discomco/dot-cart/drivers/DotCart.Drivers.RabbitMQ.Tests/bin/Debug/net7.0/DotCart.Drivers.RabbitMQ.Tests.dll" adapterTypeName="executor://xunit/VsTestRunner2/netcoreapp" className="DotCart.Drivers.RabbitMQ.Tests.TheEmitterDriverTests" name="ShouldTPayloadHaveTopic" />
    </UnitTest>
    <UnitTest name="DotCart.Drivers.RabbitMQ.Tests.TheEmitterDriverTests.ShouldResolveEmitterDriver" storage="/home/rl/work/github.com/discomco/dot-cart/drivers/dotcart.drivers.rabbitmq.tests/bin/debug/net7.0/dotcart.drivers.rabbitmq.tests.dll" id="517757b5-db9a-6b72-1535-ddf6af0adab2">
      <Execution id="ff95103e-5d15-43d4-a51e-12ed27bd4059" />
      <TestMethod codeBase="/home/rl/work/github.com/discomco/dot-cart/drivers/DotCart.Drivers.RabbitMQ.Tests/bin/Debug/net7.0/DotCart.Drivers.RabbitMQ.Tests.dll" adapterTypeName="executor://xunit/VsTestRunner2/netcoreapp" className="DotCart.Drivers.RabbitMQ.Tests.TheEmitterDriverTests" name="ShouldResolveEmitterDriver" />
    </UnitTest>
    <UnitTest name="DotCart.Drivers.RabbitMQ.Tests.TheListenerDriverTests.ShouldResolveListenerDriver" storage="/home/rl/work/github.com/discomco/dot-cart/drivers/dotcart.drivers.rabbitmq.tests/bin/debug/net7.0/dotcart.drivers.rabbitmq.tests.dll" id="87fa378e-3702-1f04-5615-e38661c1c27d">
      <Execution id="3d11dda7-0d5b-4c16-b0ba-c159e7984607" />
      <TestMethod codeBase="/home/rl/work/github.com/discomco/dot-cart/drivers/DotCart.Drivers.RabbitMQ.Tests/bin/Debug/net7.0/DotCart.Drivers.RabbitMQ.Tests.dll" adapterTypeName="executor://xunit/VsTestRunner2/netcoreapp" className="DotCart.Drivers.RabbitMQ.Tests.TheListenerDriverTests" name="ShouldResolveListenerDriver" />
    </UnitTest>
    <UnitTest name="DotCart.Drivers.RabbitMQ.Tests.TheListenerDriverTests.ShouldResolveConnectionFactory" storage="/home/rl/work/github.com/discomco/dot-cart/drivers/dotcart.drivers.rabbitmq.tests/bin/debug/net7.0/dotcart.drivers.rabbitmq.tests.dll" id="2f10c497-b4b9-16aa-2475-2589770e58cc">
      <Execution id="2f7adccc-78ca-4ffd-a1e2-6330d8011441" />
      <TestMethod codeBase="/home/rl/work/github.com/discomco/dot-cart/drivers/DotCart.Drivers.RabbitMQ.Tests/bin/Debug/net7.0/DotCart.Drivers.RabbitMQ.Tests.dll" adapterTypeName="executor://xunit/VsTestRunner2/netcoreapp" className="DotCart.Drivers.RabbitMQ.Tests.TheListenerDriverTests" name="ShouldResolveConnectionFactory" />
    </UnitTest>
  </TestDefinitions>
  <TestEntries>
    <TestEntry testId="e0fbdde5-e258-6c26-cc84-f7301bd19638" executionId="b4aa3c80-56f2-4b7e-b4d2-2c5bc39fea1f" testListId="8c84fa94-04c1-424b-9868-57a2d4851a1d" />
    <TestEntry testId="517757b5-db9a-6b72-1535-ddf6af0adab2" executionId="ff95103e-5d15-43d4-a51e-12ed27bd4059" testListId="8c84fa94-04c1-424b-9868-57a2d4851a1d" />
    <TestEntry testId="87fa378e-3702-1f04-5615-e38661c1c27d" executionId="3d11dda7-0d5b-4c16-b0ba-c159e7984607" testListId="8c84fa94-04c1-424b-9868-57a2d4851a1d" />
    <TestEntry testId="d6bc2cf2-e473-c093-8715-470f407d74ca" executionId="e5c10f62-ea77-40bb-a907-180f93e4d828" testListId="8c84fa94-04c1-424b-9868-57a2d4851a1d" />
    <TestEntry testId="aebf6f79-bd93-be00-24b8-e4411f2082e1" executionId="65fb4c3c-9b72-4248-937f-7e7eed6f7fcc" testListId="8c84fa94-04c1-424b-9868-57a2d4851a1d" />
    <TestEntry testId="6ea2e6fe-63f3-1c40-afd4-b8b14be0ada7" executionId="9713cfa7-cee1-48c5-9cff-401280ff128b" testListId="8c84fa94-04c1-424b-9868-57a2d4851a1d" />
    <TestEntry testId="2f10c497-b4b9-16aa-2475-2589770e58cc" executionId="2f7adccc-78ca-4ffd-a1e2-6330d8011441" testListId="8c84fa94-04c1-424b-9868-57a2d4851a1d" />
    <TestEntry testId="8410b7a0-d0e2-42d2-1545-3dbf232b98aa" executionId="664b876f-7a73-42d3-9192-715092da3a5a" testListId="8c84fa94-04c1-424b-9868-57a2d4851a1d" />
  </TestEntries>
  <TestLists>
    <TestList name="Results Not in a List" id="8c84fa94-04c1-424b-9868-57a2d4851a1d" />
    <TestList name="All Loaded Results" id="19431567-8539-422a-85d7-44ee4e166bda" />
  </TestLists>
  <ResultSummary outcome="Completed">
    <Counters total="8" executed="8" passed="8" failed="0" error="0" timeout="0" aborted="0" inconclusive="0" passedButRunAborted="0" notRunnable="0" notExecuted="0" disconnected="0" warning="0" completed="0" inProgress="0" pending="0" />
    <Output>
      <StdOut>[xUnit.net 00:00:00.00] xUnit.net VSTest Adapter v2.4.5+1caef2f33e (64-bit .NET 7.0.0)
[xUnit.net 00:00:00.67]   Discovering: DotCart.Drivers.RabbitMQ.Tests
[xUnit.net 00:00:00.69]   Discovered:  DotCart.Drivers.RabbitMQ.Tests
[xUnit.net 00:00:00.69]   Starting:    DotCart.Drivers.RabbitMQ.Tests
[xUnit.net 00:00:00.77]   Finished:    DotCart.Drivers.RabbitMQ.Tests
</StdOut>
    </Output>
  </ResultSummary>
</TestRun>