<?xml version="1.0" encoding="utf-8"?>
<TestRun id="ca7c25a2-c3a2-4837-a384-a91a574e933d" name="@host00 2023-01-07 14:17:31" xmlns="http://microsoft.com/schemas/VisualStudio/TeamTest/2010">
  <Times creation="2023-01-07T14:17:31.2840880+01:00" queuing="2023-01-07T14:17:31.2840881+01:00" start="2023-01-07T14:17:30.0861489+01:00" finish="2023-01-07T14:17:31.2895475+01:00" />
  <TestSettings name="default" id="0e856e76-3b5f-4ddd-8997-7cbeaefded16">
    <Deployment runDeploymentRoot="_host00_2023-01-07_14_17_31" />
  </TestSettings>
  <Results>
    <UnitTestResult executionId="9b0c93fa-d3f2-409d-9cff-b9dfcff21ca5" testId="b873e31c-c8e1-286d-5e90-b88c40df2231" testName="DotCart.Drivers.MongoDB.Tests.UnitTest1.Test1" computerName="host00" duration="00:00:00.0020680" startTime="2023-01-07T14:17:31.1808286+01:00" endTime="2023-01-07T14:17:31.1808639+01:00" testType="13cdc9d9-ddb5-4fa4-a97d-d965ccfc6d4b" outcome="Passed" testListId="8c84fa94-04c1-424b-9868-57a2d4851a1d" relativeResultsDirectory="9b0c93fa-d3f2-409d-9cff-b9dfcff21ca5" />
  </Results>
  <TestDefinitions>
    <UnitTest name="DotCart.Drivers.MongoDB.Tests.UnitTest1.Test1" storage="/home/rl/work/github.com/discomco/dot-cart/drivers/dotcart.drivers.mongodb.tests/bin/debug/net7.0/dotcart.drivers.mongodb.tests.dll" id="b873e31c-c8e1-286d-5e90-b88c40df2231">
      <Execution id="9b0c93fa-d3f2-409d-9cff-b9dfcff21ca5" />
      <TestMethod codeBase="/home/rl/work/github.com/discomco/dot-cart/drivers/DotCart.Drivers.MongoDB.Tests/bin/Debug/net7.0/DotCart.Drivers.MongoDB.Tests.dll" adapterTypeName="executor://xunit/VsTestRunner2/netcoreapp" className="DotCart.Drivers.MongoDB.Tests.UnitTest1" name="Test1" />
    </UnitTest>
  </TestDefinitions>
  <TestEntries>
    <TestEntry testId="b873e31c-c8e1-286d-5e90-b88c40df2231" executionId="9b0c93fa-d3f2-409d-9cff-b9dfcff21ca5" testListId="8c84fa94-04c1-424b-9868-57a2d4851a1d" />
  </TestEntries>
  <TestLists>
    <TestList name="Results Not in a List" id="8c84fa94-04c1-424b-9868-57a2d4851a1d" />
    <TestList name="All Loaded Results" id="19431567-8539-422a-85d7-44ee4e166bda" />
  </TestLists>
  <ResultSummary outcome="Completed">
    <Counters total="1" executed="1" passed="1" failed="0" error="0" timeout="0" aborted="0" inconclusive="0" passedButRunAborted="0" notRunnable="0" notExecuted="0" disconnected="0" warning="0" completed="0" inProgress="0" pending="0" />
    <Output>
      <StdOut>[xUnit.net 00:00:00.00] xUnit.net VSTest Adapter v2.4.5+1caef2f33e (64-bit .NET 7.0.0)
[xUnit.net 00:00:00.57]   Discovering: DotCart.Drivers.MongoDB.Tests
[xUnit.net 00:00:00.59]   Discovered:  DotCart.Drivers.MongoDB.Tests
[xUnit.net 00:00:00.59]   Starting:    DotCart.Drivers.MongoDB.Tests
[xUnit.net 00:00:00.64]   Finished:    DotCart.Drivers.MongoDB.Tests
</StdOut>
    </Output>
  </ResultSummary>
</TestRun>