<?xml version="1.0" encoding="utf-8"?>
<TestRun id="4b5ff93b-7e96-4fbf-865f-a54c81c37361" name="@host00 2023-01-07 14:17:28" xmlns="http://microsoft.com/schemas/VisualStudio/TeamTest/2010">
  <Times creation="2023-01-07T14:17:28.3292902+01:00" queuing="2023-01-07T14:17:28.3292903+01:00" start="2023-01-07T14:17:27.4211864+01:00" finish="2023-01-07T14:17:28.3379378+01:00" />
  <TestSettings name="default" id="c5f2946b-b0c5-406e-aae5-d93a9cf5a537">
    <Deployment runDeploymentRoot="_host00_2023-01-07_14_17_28" />
  </TestSettings>
  <Results>
    <UnitTestResult executionId="b7af4acb-3949-474c-b1eb-7d136e572ca7" testId="aee7e76e-0251-9ec4-301a-26c280b1d237" testName="DotCart.Drivers.Microsoft.Tests.UnitTest1.Test1" computerName="host00" duration="00:00:00.0020757" startTime="2023-01-07T14:17:28.2352712+01:00" endTime="2023-01-07T14:17:28.2352878+01:00" testType="13cdc9d9-ddb5-4fa4-a97d-d965ccfc6d4b" outcome="Passed" testListId="8c84fa94-04c1-424b-9868-57a2d4851a1d" relativeResultsDirectory="b7af4acb-3949-474c-b1eb-7d136e572ca7" />
  </Results>
  <TestDefinitions>
    <UnitTest name="DotCart.Drivers.Microsoft.Tests.UnitTest1.Test1" storage="/home/rl/work/github.com/discomco/dot-cart/drivers/dotcart.drivers.microsoft.tests/bin/debug/net7.0/dotcart.drivers.microsoft.tests.dll" id="aee7e76e-0251-9ec4-301a-26c280b1d237">
      <Execution id="b7af4acb-3949-474c-b1eb-7d136e572ca7" />
      <TestMethod codeBase="/home/rl/work/github.com/discomco/dot-cart/drivers/DotCart.Drivers.Microsoft.Tests/bin/Debug/net7.0/DotCart.Drivers.Microsoft.Tests.dll" adapterTypeName="executor://xunit/VsTestRunner2/netcoreapp" className="DotCart.Drivers.Microsoft.Tests.UnitTest1" name="Test1" />
    </UnitTest>
  </TestDefinitions>
  <TestEntries>
    <TestEntry testId="aee7e76e-0251-9ec4-301a-26c280b1d237" executionId="b7af4acb-3949-474c-b1eb-7d136e572ca7" testListId="8c84fa94-04c1-424b-9868-57a2d4851a1d" />
  </TestEntries>
  <TestLists>
    <TestList name="Results Not in a List" id="8c84fa94-04c1-424b-9868-57a2d4851a1d" />
    <TestList name="All Loaded Results" id="19431567-8539-422a-85d7-44ee4e166bda" />
  </TestLists>
  <ResultSummary outcome="Completed">
    <Counters total="1" executed="1" passed="1" failed="0" error="0" timeout="0" aborted="0" inconclusive="0" passedButRunAborted="0" notRunnable="0" notExecuted="0" disconnected="0" warning="0" completed="0" inProgress="0" pending="0" />
    <Output>
      <StdOut>[xUnit.net 00:00:00.00] xUnit.net VSTest Adapter v2.4.5+1caef2f33e (64-bit .NET 7.0.0)
[xUnit.net 00:00:00.39]   Discovering: DotCart.Drivers.Microsoft.Tests
[xUnit.net 00:00:00.41]   Discovered:  DotCart.Drivers.Microsoft.Tests
[xUnit.net 00:00:00.41]   Starting:    DotCart.Drivers.Microsoft.Tests
[xUnit.net 00:00:00.46]   Finished:    DotCart.Drivers.Microsoft.Tests
</StdOut>
    </Output>
  </ResultSummary>
</TestRun>